DAT,CSR,HHE_ABS_ENC_SPUR_TEETH
DAT,CSR,HHE_ABS_ENC_TYPE
DAT,CSR,HHE_ABS_ENC_PERIOD
DAT,CSR,HHE_ABS_ENC_STEP
DAT,CSR,HHE_ABS_ENC_TURNS
DAT,CSR,HHE_ABS_ENC_REFDIST
DAT,CSR,HHE_ABS_ENC_CNTDIR
DAT,CSR,HHE_ABS_ENC_ENABLED
DAT,CSR,HHE_ABS_ENC_PORT
DAT,CSR,HHE_TAPE_ENC_1_PORT
DAT,CSR,HHE_TAPE_ENC_3_PORT
DAT,CSR,HHE_MOTOR_1_PORT
DAT,CSR,USE_ERA180_ENCODER
DAT,CSR,INTERRUPT_STUTTER_IGNORE
DAT,CSR,ENL_STATE
DAT,CSR,ENL_AXISREFVEL
DAT,CSR,ENL_BLENDTICKS
DAT,CSR,LIN_ENC_MASK
DAT,CSR,LIN_ENC_ENABLE
DAT,CSR,LIN_ENC_HOME
DAT,CSR,LIN_ENC_RESET
DAT,CSR,LIN_ENC_STATE
DAT,CSR,LIN_ENC_TOLERANCE
DAT,CSR,LIN_ENC_1_PORT
DAT,CSR,LIN_ENC_2_PORT
DAT,CSR,LIN_ENC_3_PORT
DAT,CSR,LIN_ENC_1_STATUS_BITS
DAT,CSR,LIN_ENC_2_STATUS_BITS
DAT,CSR,LIN_ENC_3_STATUS_BITS
DAT,CSR,LIN_ENC_1_STATE
DAT,CSR,LIN_ENC_2_STATE
DAT,CSR,LIN_ENC_3_STATE
DAT,CSR,LIN_ENC_1_COUNT_PER_MM
DAT,CSR,LIN_ENC_2_COUNT_PER_MM
DAT,CSR,LIN_ENC_3_COUNT_PER_MM
DAT,CSR,LIN_ENC_1_OFFSET
DAT,CSR,LIN_ENC_2_OFFSET
DAT,CSR,LIN_ENC_3_OFFSET
DAT,CSR,LIN_ENC_1_ABS_COUNT
DAT,CSR,LIN_ENC_2_ABS_COUNT
DAT,CSR,LIN_ENC_3_ABS_COUNT
DAT,CSR,LIN_ENC_1_ABS_POS
DAT,CSR,LIN_ENC_2_ABS_POS
DAT,CSR,LIN_ENC_3_ABS_POS
DAT,CSR,LIN_ENC_1_REL_COUNT
DAT,CSR,LIN_ENC_2_REL_COUNT
DAT,CSR,LIN_ENC_3_REL_COUNT
DAT,CSR,LIN_ENC_1_REL_POS
DAT,CSR,LIN_ENC_2_REL_POS
DAT,CSR,LIN_ENC_3_REL_POS
DAT,CSR,AXIS_ENC_1_COMPOFF0
DAT,CSR,AXIS_ENC_1_COMPOFF90
DAT,CSR,AXIS_ENC_1_COMPPHASE0
DAT,CSR,AXIS_ENC_1_COMPPHASE90
DAT,CSR,AXIS_ENC_1_COMPSYMM0
DAT,CSR,AXIS_ENC_1_COMPSYMM90
DAT,CSR,AXIS_ENC_1_COMPFLAG1
DAT,CSR,AXIS_ENC_1_COMPFLAG2
DAT,CSR,AXIS_ENC_2_COMPOFF0
DAT,CSR,AXIS_ENC_2_COMPOFF90
DAT,CSR,AXIS_ENC_2_COMPPHASE0
DAT,CSR,AXIS_ENC_2_COMPPHASE90
DAT,CSR,AXIS_ENC_2_COMPSYMM0
DAT,CSR,AXIS_ENC_2_COMPSYMM90
DAT,CSR,AXIS_ENC_2_COMPFLAG1
DAT,CSR,AXIS_ENC_2_COMPFLAG2
DAT,CSR,AXIS_ENC_3_COMPOFF0
DAT,CSR,AXIS_ENC_3_COMPOFF90
DAT,CSR,AXIS_ENC_3_COMPPHASE0
DAT,CSR,AXIS_ENC_3_COMPPHASE90
DAT,CSR,AXIS_ENC_3_COMPSYMM0
DAT,CSR,AXIS_ENC_3_COMPSYMM90
DAT,CSR,AXIS_ENC_3_COMPFLAG1
DAT,CSR,AXIS_ENC_3_COMPFLAG2
DAT,CSR,AXIS_ENC_4_COMPOFF0
DAT,CSR,AXIS_ENC_4_COMPOFF90
DAT,CSR,AXIS_ENC_4_COMPPHASE0
DAT,CSR,AXIS_ENC_4_COMPPHASE90
DAT,CSR,AXIS_ENC_4_COMPSYMM0
DAT,CSR,AXIS_ENC_4_COMPSYMM90
