DAT,SPT,MCO_PRES_VAL
DAT,SPT,PMC_PRES
DAT,SPT,PMC_PRES_VAL
DAT,SPT,PRM_TEMP
DAT,SPT,PRM_TEMP_VAL
DAT,SPT,AZM_M1
DAT,SPT,AZM_M2
DAT,SPT,ALT_M1
DAT,SPT,ALT_M2
DAT,SPT,CAS_M1
DAT,SPT,CAS_M2
DAT,SPT,PRM_FAN
DAT,SPT,AIR_COMP
DAT,SPT,HYD_PMP
DAT,SPT,HYD_CHL_PMP
DAT,SPT,HYD_CHL
DAT,SPT,HYD_PSCV
DAT,SPT,HYD_SCV_PMP
DAT,SPT,HYD_AZM_GB
DAT,SPT,HYD_AZM_LB
DAT,SPT,HYD_ALT_GB
DAT,SPT,HYD_ALT_LB
DAT,SPT,MCO
DAT,SPT,MCO_OPS_A
DAT,SPT,MCO_OPS_B
DAT,SPT,SPLC_STATUS
DAT,SPT,SPLC_VER_STATUS
DAT,SPT,SPLC_VER_NUMBER
DAT,SPT,DNET_MASTER_ERROR
DAT,SPT,DNET_NODE_2_ERR
DAT,SPT,DNET_NODE_3_ERR
DAT,SPT,DNET_NODE_5_ERR
DAT,SPT,DNET_NODE_7_ERR
DAT,SPT,DNET_NODE_10_ERR
DAT,SPT,DNET_NODE_11_ERR
DAT,SPT,DNET_NODE_16_ERR
DAT,SPT,DNET_NODE_21_ERR
DAT,SPT,DNET_NODE_24_ERR
DAT,SPT,DNET_NODE_28_ERR
DAT,SPT,DNET_NODE_35_ERR
DAT,SPT,DNET_NODE_36_ERR
DAT,SPT,DNET_NODE_37_ERR
DAT,SPT,DNET_NODE_X1_ERR
DAT,SPT,DNET_NODE_X2_ERR
DAT,SPT,DNET_NODE_X3_ERR
DAT,SPT,DNET_NODE_X4_ERR
DAT,SPT,DNET_NODE_X5_ERR
DAT,SPT,DNET_NODE_X6_ERR
DAT,SPT,AZM_OIL_STATUS
DAT,SPT,ALT_OIL_STATUS
DAT,SPT,L2_LIMIT
DAT,SPT,L3_LIMIT
DAT,SPT,AZM_PRESS_OOR
DAT,SPT,ALT_PRESS_OOR
DAT,SPT,AZM_TRAP_KEY_CA
DAT,SPT,AZM_TRAP_KEY_FA
DAT,SPT,ALT_TRAP_KEY_DA
DAT,SPT,ALT_TRAP_KEY_GA
DAT,SPT,CAS_TRAP_KEY_EA
DAT,SPT,CAS_TRAP_KEY_HA
DAT,SPT,TRAP_KEY_ERROR
DAT,SPT,AZM_FLOW_OOR
DAT,SPT,ALT_FLOW_OOR
DAT,SPT,TH_Z1_CUR_LOW
DAT,SPT,TH_Z2_CUR_LOW
DAT,SPT,TH_Z3_CUR_LOW
DAT,SPT,HTG_Z1_SPLY
DAT,SPT,HTG_Z2_SPLY
DAT,SPT,HTG_Z3_SPLY
DAT,SPT,PWR_P48_AMP
DAT,SPT,PWR_P02_SCAV
DAT,SPT,MV_3_PH_L1_SPLY
DAT,SPT,MV_3_PH_L2_SPLY
DAT,SPT,MV_3_PH_L3_SPLY
DAT,SPT,MV_3_PH_SPLY
DAT,SPT,LGT_MCB_PUMP_ROOM
DAT,SPT,LGT_MCB_ENCLOSURE
DAT,SPT,LGT_MCB_WELL_AREA
DAT,SPT,LGT_MCB_IT_ROOM
DAT,SPT,FREQ_CURRENT_CONV
DAT,SPT,TRUSS_TEMP_MCB
DAT,SPT,AZM_AMP1_TEMP
DAT,SPT,AZM_AMP1_TEMP_VAL
DAT,SPT,AZM_AMP2_TEMP
DAT,SPT,AZM_AMP2_TEMP_VAL
DAT,SPT,ALT_AMP1_TEMP
DAT,SPT,ALT_AMP1_TEMP_VAL
DAT,SPT,ALT_AMP2_TEMP
DAT,SPT,ALT_AMP2_TEMP_VAL
DAT,SPT,CAS_AMP1_TEMP
DAT,SPT,CAS_AMP1_TEMP_VAL
DAT,SPT,CAS_AMP2_TEMP
DAT,SPT,CAS_AMP2_TEMP_VAL
DAT,SPT,HTG_Z1_TEMP
DAT,SPT,HTG_Z1_TEMP_VAL
DAT,SPT,HTG_Z2_TEMP
DAT,SPT,HTG_Z2_TEMP_VAL
DAT,SPT,HTG_Z3_TEMP
DAT,SPT,HTG_Z3_TEMP_VAL
DAT,SPT,ENC_SEAL_TEMP
DAT,SPT,ENC_SEAL_TEMP_VAL
DAT,SPT,AZM_BRK1
DAT,SPT,AZM_BRK2
DAT,SPT,ALT_BRK1
DAT,SPT,ALT_BRK2
DAT,SPT,CAS_BRK1
DAT,SPT,CAS_BRK2
DAT,SPT,AZM_BRK
DAT,SPT,ALT_BRK
DAT,SPT,CAS_BRK
DAT,SPT,AXIS_RELAY
DAT,SPT,ESTOP_SYS
DAT,SPT,AZM_AXIS_VEL
DAT,SPT,AZM_AXIS_ACCEL
DAT,SPT,ALT_AXIS_VEL
DAT,SPT,ALT_AXIS_ACCEL
DAT,SPT,CAS_AXIS_VEL
DAT,SPT,CAS_AXIS_ACCEL
DAT,SPT,PUMP_RM_AIR_COND
DAT,SPT,EPLC_WDOG_TRIP
DAT,SPT,HMI_VER_STATUS
DAT,SPT,HMI_VER_NUMBER
DAT,SPT,SPLC_WDOG_TRIP
DAT,SPT,SPLC_HLTHY_TALLY
DAT,SPT,SPLC_UHLTHY_FINE
DAT,SPT,SPLC_UHLTHY_1SEC
DAT,SPT,PWR_CHILLER
DAT,SPT,PWR_BB_PWR_SWITCH
DAT,SPT,ALARM_WORD_00
DAT,SPT,ALARM_WORD_01
DAT,SPT,ALARM_WORD_02
DAT,SPT,ALARM_WORD_03
DAT,SPT,ALARM_WORD_04
DAT,SPT,ALARM_WORD_05
DAT,SPT,ALARM_WORD_06
DAT,SPT,ALARM_WORD_07
DAT,SPT,ALARM_WORD_08
DAT,SPT,ALARM_WORD_09
DAT,SPT,ALARM_WORD_10
DAT,SPT,ALARM_WORD_11
DAT,SPT,ALARM_WORD_12
DAT,SPT,ALARM_WORD_13
DAT,SPT,ALARM_WORD_14
DAT,SPT,ALARM_WORD_15
DAT,SPT,ALARM_WORD_16
DAT,SPT,ALARM_WORD_17
DAT,SPT,ALARM_WORD_18
DAT,SPT,ALARM_WORD_19
DAT,SPT,ALARM_WORD_20
DAT,SPT,ALARM_WORD_21
DAT,SPT,ALARM_WORD_22
DAT,SPT,ALARM_WORD_23
DAT,SPT,ALARM_WORD_24
DAT,SPT,ALARM_WORD_25
DAT,SPT,ALARM_WORD_26
DAT,SPT,ALARM_WORD_27
DAT,SPT,ALARM_WORD_28
DAT,SPT,ALARM_WORD_29
DAT,SPT,ALARM_WORD_30
DAT,SPT,MCO_TL_CLOSED
DAT,SPT,MCO_TL_OPENED
DAT,SPT,MCO_BL_OPENED
DAT,SPT,MCO_BL_CLOSED
DAT,SPT,MCO_TR_CLOSED
DAT,SPT,MCO_TR_OPENED
DAT,SPT,MCO_BR_OPENED
DAT,SPT,MCO_BR_CLOSED
DAT,SPT,PLC_SYSTEM_STATUS
DAT,SPT,PLC_ALARM_LEVEL
DAT,EPT,EPT_PROC_STATE
DAT,EPT,EPT_AUTH_STATE
DAT,EPT,SYS_REQUEST
DAT,EPT,EPT_APP_VERSION
DAT,EPT,THIS_APPLICATION
DAT,EPT,THIS_TELESCOPE
DAT,EPT,SW_SIMULATE
DAT,EPT,AP_STATE
DAT,EPT,AP_HALTED
DAT,EPT,AP_FAULT
DAT,EPT,AP_UNAVAIL
DAT,EPT,S1_STATE
DAT,EPT,S1_HALTED
DAT,EPT,S1_FAULT
DAT,EPT,S1_LAG_ERROR
DAT,EPT,S2_STATE
DAT,EPT,S2_HALTED
DAT,EPT,S2_FAULT
DAT,EPT,S2_LAG_ERROR
DAT,EPT,S1_POS
DAT,EPT,S2_POS
DAT,EPT,S1_CL_POS
DAT,EPT,S2_CL_POS
DAT,EPT,S1_OP_POS
DAT,EPT,S2_OP_POS
DAT,EPT,TOP_LCK
DAT,EPT,TOP_LCK_FAULT
DAT,EPT,TOP_LCK_SPR
DAT,EPT,S1_LCK
DAT,EPT,S1_LCK_FAULT
DAT,EPT,S1_LCK_SPR
DAT,EPT,S2_LCK
DAT,EPT,S2_LCK_FAULT
DAT,EPT,S2_LCK_SPR
DAT,EPT,S1_R1
DAT,EPT,S1_R2
DAT,EPT,S2_R3
DAT,EPT,S2_R4
DAT,EPT,HYD_PMP
DAT,EPT,HYD_PMP_FAULT
DAT,EPT,HYD_PMP_SPR
DAT,EPT,HYD_PMP_OLT
DAT,EPT,HYD_PMP_CBT
DAT,EPT,HTK_LVL
DAT,EPT,HTK_LVL_FAULT
DAT,EPT,HTK_LVL_SPR
DAT,EPT,HTK_TEMP
DAT,EPT,HTK_TEMP_FAULT
DAT,EPT,HTK_TEMP_SPR
DAT,EPT,MCP_ALARM
DAT,EPT,MCP_ENGAGED
DAT,EPT,WD_BYPASSED
DAT,EPT,ENC_SH1_1_AA
DAT,EPT,ENC_SH1_2_AA
DAT,EPT,ENC_SH2_1_AA
DAT,EPT,ENC_SH2_2_AA
DAT,EPT,OVL_CLOSED
DAT,EPT,OVL_OPEN
DAT,EPT,FLT1
DAT,EPT,FLT1_FAULT
DAT,EPT,FLT1_SPR
DAT,EPT,FLT2
DAT,EPT,FLT2_FAULT
DAT,EPT,FLT2_SPR
DAT,EPT,R1_UNLK_PRES_FLT
DAT,EPT,R2_UNLK_PRES_FLT
DAT,EPT,R3_UNLK_PRES_FLT
DAT,EPT,R4_UNLK_PRES_FLT
DAT,EPT,MOVEMENT_TIMEOUT
DAT,EPT,MCBS
DAT,EPT,ILOCK_STOP
DAT,EPT,ILOCK_CLOSE
DAT,EPT,ESTOP
DAT,EPT,MPCBS
DAT,EPT,KEYSW
DAT,EPT,EPLC
DAT,EPT,PLC_WARN_STATE
DAT,EPT,PLC_S2_FLT_STATE
DAT,EPT,PLC_S3_FLT_STATE
DAT,EPT,PLC_S4_FLT_STATE
DAT,EPT,PLC_WDOG
DAT,EPT,MAIN_PWR
DAT,EPT,R1_SLP
DAT,EPT,R1_SLP_FAULT
DAT,EPT,R1_SLP_UNAVAIL
DAT,EPT,R2_SLP
DAT,EPT,R2_SLP_FAULT
DAT,EPT,R2_SLP_UNAVAIL
DAT,EPT,R3_SLP
DAT,EPT,R3_SLP_FAULT
DAT,EPT,R3_SLP_UNAVAIL
DAT,EPT,R4_SLP
DAT,EPT,R4_SLP_FAULT
DAT,EPT,R4_SLP_UNAVAIL
DAT,EPT,QTY_PMP_STRTS
DAT,EPT,QTY_PMP_HOURS
DAT,EPT,RAM1_PRES
DAT,EPT,RAM2_PRES
DAT,EPT,RAM3_PRES
DAT,EPT,RAM4_PRES
DAT,EPT,HTK_ACT_TEMP
DAT,EPT,R1_PRES_TL
DAT,EPT,R1_PRES_TL_FAIL
DAT,EPT,R2_PRES_TL
DAT,EPT,R2_PRES_TL_FAIL
DAT,EPT,R3_PRES_TL
DAT,EPT,R3_PRES_TL_FAIL
DAT,EPT,R4_PRES_TL
DAT,EPT,R4_PRES_TL_FAIL
DAT,EPT,PANEL_TEMP
DAT,EPT,MAIN_HYD_PRES
DAT,EPT,S1_R1_ENC
DAT,EPT,S1_R2_ENC
DAT,EPT,S2_R3_ENC
DAT,EPT,S2_R4_ENC
DAT,EPT,S1_ENC_MIS
DAT,EPT,S2_ENC_MIS
DAT,EPT,PLC_LOW_BAT
DAT,EPT,PLC_PROC_FAULT
DAT,EPT,PLC_MODE
DAT,EPT,PROG_VERS_MANT
DAT,EPT,PROG_VERS_REM
DAT,EPT,DC_PMP
DAT,EPT,DC_PMP_FAULT
DAT,EPT,DC_PMP_PRES
DAT,EPT,DC_PMP_OLT
DAT,EPT,DC_PMP_CBT
DAT,EPT,FLT_PMP
DAT,EPT,FLT_PMP_FAULT
DAT,EPT,FLT_PMP_SPR
DAT,EPT,FLT_PMP_OLT
DAT,EPT,FLT_PMP_CBT
DAT,EPT,DC_PMP_UPS
DAT,EPT,PLC_UPS
DAT,EPT,OHTG_1
DAT,EPT,OHTG_1_FAULT
DAT,EPT,OHTG_1_CBT
DAT,EPT,OHTG_2
DAT,EPT,OHTG_2_FAULT
DAT,EPT,OHTG_2_CBT
DAT,EPT,PSU
DAT,EPT,QTY_DC_PMP_HR
DAT,EPT,QTY_FLT_PMP_HR
DAT,EPT,DOME_STATE
DAT,EPT,AZM_POS
DAT,EPT,ALT_POS
DAT,EPT,AZM_LOW_POS
DAT,EPT,AZM_HIGH_POS
DAT,EPT,ALT_LOW_POS
DAT,EPT,ALT_HIGH_POS
DAT,EPT,SER_MSG_CODE
DAT,EPT,DMD_AP_STATE
DAT,EPT,DMD_S1_STATE
DAT,EPT,DMD_S2_STATE
DAT,EPT,DMD_AP_POS
DAT,EPT,DMD_S1_POS
DAT,EPT,DMD_S2_POS
DAT,EPT,DMD_HALT
DAT,EPT,DMD_STOP
DAT,EPT,DMD_FLT
DAT,EPT,DMD_ESTOP
DAT,EPT,DMD_SAFE
DAT,EPT,DMD_DOME_AZM
DAT,EPT,DMD_DOME_ALT
DAT,EPT,DMD_QRY_STATUS
DAT,WMS,WMS_PROC_STATE
DAT,WMS,WMS_AUTH_STATE
DAT,WMS,SYS_REQUEST
DAT,WMS,WMS_APP_VERSION
DAT,WMS,READING_PT
DAT,WMS,OUTOFRANGE_PT
DAT,WMS,RANGELO_PT
DAT,WMS,RANGEHI_PT
DAT,WMS,RANGEPC_PT
DAT,WMS,NOUTOFRANGE_PT
DAT,WMS,SEVCRIT_PT
DAT,WMS,USEREADING_PT
DAT,WMS,LOCAL_PT
DAT,WMS,SUMMARY_PT
DAT,WMS,READING_VH
DAT,WMS,OUTOFRANGE_VH
DAT,WMS,RANGELO_VH
DAT,WMS,RANGEHI_VH
DAT,WMS,RANGEPC_VH
DAT,WMS,NOUTOFRANGE_VH
DAT,WMS,SEVCRIT_VH
DAT,WMS,USEREADING_VH
DAT,WMS,LOCAL_VH
DAT,WMS,SUMMARY_VH
DAT,WMS,READING_TDEW
DAT,WMS,OUTOFRANGE_TDEW
DAT,WMS,RANGELO_TDEW
DAT,WMS,RANGEHI_TDEW
DAT,WMS,RANGEPC_TDEW
DAT,WMS,NOUTOFRANGE_TDEW
DAT,WMS,SEVCRIT_TDEW
DAT,WMS,USEREADING_TDEW
DAT,WMS,LOCAL_TDEW
DAT,WMS,SUMMARY_TDEW
DAT,WMS,READING_F1WS
DAT,WMS,OUTOFRANGE_F1WS
DAT,WMS,RANGELO_F1WS
DAT,WMS,RANGEHI_F1WS
DAT,WMS,RANGEPC_F1WS
DAT,WMS,NOUTOFRANGE_F1WS
DAT,WMS,SEVCRIT_F1WS
DAT,WMS,USEREADING_F1WS
DAT,WMS,LOCAL_F1WS
DAT,WMS,SUMMARY_F1WS
DAT,WMS,READING_RPWD
DAT,WMS,OUTOFRANGE_RPWD
DAT,WMS,RANGELO_RPWD
DAT,WMS,RANGEHI_RPWD
DAT,WMS,RANGEPC_RPWD
DAT,WMS,NOUTOFRANGE_RPWD
DAT,WMS,SEVCRIT_RPWD
DAT,WMS,USEREADING_RPWD
DAT,WMS,LOCAL_RPWD
DAT,WMS,SUMMARY_RPWD
DAT,WMS,READING_VPR
DAT,WMS,OUTOFRANGE_VPR
DAT,WMS,RANGELO_VPR
DAT,WMS,RANGEHI_VPR
DAT,WMS,RANGEPC_VPR
DAT,WMS,NOUTOFRANGE_VPR
DAT,WMS,SEVCRIT_VPR
DAT,WMS,USEREADING_VPR
DAT,WMS,LOCAL_VPR
DAT,WMS,SUMMARY_VPR
DAT,WMS,READING_DSWE
DAT,WMS,OUTOFRANGE_DSWE
