DAT,NWR,PROFILER_DIFF
DAT,NWR,MAX_PROFILER_DIFF
DAT,NWR,MOVE_LO
DAT,NWR,MOVE_HI
DAT,NWR,MOVE_PARK_POSITION
DAT,NWR,AT_PARK_POSITION
DAT,NWR,NCI_PROC_STATE
DAT,NWR,NCI_VERSION
DAT,NWR,NCI_SERVER_SHUTDOWN
DAT,NWR,TALLY_BASE
DAT,NWR,NCO_PROC_STATE
DAT,NWR,NCO_VERSION
DAT,NWR,NCO_SERVER_SHUTDOWN
DAT,NWR,AES_PROC_STATE
DAT,NWR,AES_SERVER_SHUTDOWN
DAT,NWR,POSITION
DAT,NWR,PINION_TEETH
DAT,NWR,SPUR_TEETH
DAT,NWR,GREY_CODED
DAT,NWR,STATUS
DAT,NWR,TANNENBAUM_FMT
DAT,NWR,MULTITURN_BITS
DAT,NWR,SINGLETURN_BITS
DAT,NWR,SCALE
DAT,NWR,UNITS
DAT,NWR,MULTIPLIER
DAT,NWR,REVS
DAT,NWR,ORIGIN
DAT,NWR,OFFSET
DAT,NWR,TYPE
DAT,NWR,USER_SER_NUM
DAT,NWR,COUNTS_PER_TURN
DAT,NWR,MAX_REVS
DAT,NWR,FACTORY_SER_NUM
DAT,NWR,TOTAL_OP_TIME
DAT,NWR,AES_CLIENT_SHUTDOWN
DAT,NWR,READ_FAULTS
DAT,NWR,AES_AES_VERSION
DAT,NWR,AES_AEI_VERSION
DAT,NWR,OID_PROC_STATE
DAT,NWR,OID_VERSION
DAT,NWR,OID_SERVER_SHUTDOWN
DAT,NWR,ERR_AGENT_GET_VALUE
DAT,NWR,ERR_AGENT_SET_VALUE
DAT,NWR,ERR_AGENT_GET_ATTRIB
DAT,NWR,ERR_AGENT_SET_ATTRIB
DAT,NWR,ERR_AGENT_HEARTBEAT
DAT,NWR,ERR_AGENT_TRACK
DAT,NWR,ERR_AGENT_POLLSAFE
DAT,NWR,ERR_AGENT_POLLACTIVE
DAT,NWR,ERR_AGENT_GENERIC
DAT,PFR,TFP_PROC_STATE
DAT,PFR,TFP_APP_VERSION
DAT,PFR,TFP_SERVER_SHUTDOWN
DAT,PFR,CURRENT_TIME
DAT,PFR,CURRENT_TIME_DUMMY
DAT,PFR,TIME_STATUS
DAT,PFR,TRIGGER_ATTACH
DAT,PFR,TRIGGER_DETACH
DAT,PFR,SYSTEM_TIME
DAT,PFR,SYSTEM_TIME_DUMMY
DAT,PFR,TIMER_PROXY_ATTACH
DAT,PFR,TIMER_PROXY_DETACH
DAT,PFR,PERIODIC_FREQUENCY
DAT,PFR,SIMULATE_FLAG
DAT,PFR,TALLY_TRIGGER
DAT,PFR,TALLY_TIMER
DAT,PFR,MAX_FLYWHEELCOUNT
DAT,PFR,MIF_PROC_STATE
DAT,PFR,MIF_APP_VERSION
DAT,PFR,MIF_SERVER_SHUTDOWN
DAT,PFR,AXIS_TORQUE_DEMAND
DAT,PFR,AXIS_TORQUE_LIMIT
DAT,PFR,MOTOR_FULL_PRELOAD_TORQUE
DAT,PFR,MOTOR_PRELOAD_PERCENTAGE
DAT,PFR,MOTOR_PRELOAD_TORQUE
DAT,PFR,AMPLIFIER_GAIN
DAT,PFR,MOTOR_GAIN
DAT,PFR,DAC_GAIN
DAT,PFR,DAC_OFFSET
