DAT,NWR,MOTOR_FULL_PRELOAD_TORQUE
DAT,NWR,MOTOR_PRELOAD_PERCENTAGE
DAT,NWR,MOTOR_PRELOAD_TORQUE
DAT,NWR,AMPLIFIER_GAIN
DAT,NWR,MOTOR_GAIN
DAT,NWR,DAC_GAIN
DAT,NWR,DAC_OFFSET
DAT,NWR,CLAMPED_AXIS_TORQUE_DEMAND
DAT,NWR,CLAMPED_MOTOR_1_TORQUE_DEMAND
DAT,NWR,CLAMPED_MOTOR_2_TORQUE_DEMAND
DAT,NWR,UNFILTERED_MOTOR_1_DAC_BITS
DAT,NWR,UNFILTERED_MOTOR_2_DAC_BITS
DAT,NWR,FILTERED_MOTOR_1_DAC_BITS
DAT,NWR,FILTERED_MOTOR_2_DAC_BITS
DAT,NWR,DIGITAL_INPUT_BITS
DAT,NWR,DIGITAL_OUTPUT_BITS
DAT,NWR,PLC_INTERLOCK_STATUS
DAT,NWR,L2_LIMIT_STATUS
DAT,NWR,MOTOR_1_MEASURED_CURRENT
DAT,NWR,MOTOR_2_MEASURED_CURRENT
DAT,NWR,MOTOR_1_MEASURED_TORQUE
DAT,NWR,MOTOR_2_MEASURED_TORQUE
DAT,NWR,BRAKE_RELEASE_ENABLE
DAT,NWR,BRAKE_STATUS_ON
DAT,NWR,DRIVE_ENABLE
DAT,NWR,DRIVE_ENABLE_STATUS_ON
DAT,NWR,MOTOR_1_DEMAND_CURRENT
DAT,NWR,MOTOR_2_DEMAND_CURRENT
DAT,NWR,WATCHDOG_OUTPUT_ENABLE
DAT,NWR,SIM_AXIS_POSN_LSWORD
DAT,NWR,SIM_AXIS_POSN_MSWORD
DAT,NWR,SIM_MOT1_POSN_LSWORD
DAT,NWR,SIM_MOT1_POSN_MSWORD
DAT,NWR,SIM_MOT2_POSN_LSWORD
DAT,NWR,SIM_MOT2_POSN_MSWORD
DAT,NWR,AXIS_TORQUE_CLAMP_FLAG
DAT,NWR,MOT1_TORQUE_CLAMP_FLAG
DAT,NWR,MOT2_TORQUE_CLAMP_FLAG
DAT,NWR,MOTOR_TORQUE_CORRECTION
DAT,NWR,MOTOR_TORQUE_MAX_LIMIT
DAT,NWR,MOTOR_TORQUE_MIN_LIMIT
DAT,NWR,DAC_SMOOTHING_FILTER_ENABLE
DAT,NWR,ROTATOR_SELECTED
DAT,NWR,INPUT_BIT_BASE
DAT,NWR,REP_PROC_STATE
DAT,NWR,REP_APP_VERSION
DAT,NWR,FLUSH_PERIOD
DAT,NWR,LAST_FLUSH_OIDS
DAT,NWR,LAST_FLUSH_SUBMITS
DAT,NWR,VEN_PROC_STATE
DAT,NWR,VEN_APP_VERSION
DAT,NWR,VEN_SERVER_SHUTDOWN
DAT,NWR,MOTOR_ENC_1_COUNT
DAT,NWR,MOTOR_ENC_1_COUNT_DUMMY
DAT,NWR,MOTOR_ENC_1_STATE
DAT,NWR,MOTOR_ENC_2_COUNT
DAT,NWR,MOTOR_ENC_2_COUNT_DUMMY
DAT,NWR,MOTOR_ENC_2_STATE
DAT,NWR,MOTOR_ENC_1_ABS_POS
DAT,NWR,MOTOR_ENC_1_ABS_POS_DUMMY
DAT,NWR,MOTOR_ENC_2_ABS_POS
DAT,NWR,MOTOR_ENC_2_ABS_POS_DUMMY
DAT,NWR,AXIS_ENC_1_COUNT
DAT,NWR,AXIS_ENC_1_COUNT_DUMMY
DAT,NWR,AXIS_ENC_1_STATE
DAT,NWR,AXIS_ENC_1_REF_STATE
DAT,NWR,AXIS_ENC_2_COUNT
DAT,NWR,AXIS_ENC_2_COUNT_DUMMY
DAT,NWR,AXIS_ENC_2_STATE
DAT,NWR,AXIS_ENC_2_REF_STATE
DAT,NWR,AXIS_ENC_3_COUNT
DAT,NWR,AXIS_ENC_3_COUNT_DUMMY
DAT,NWR,AXIS_ENC_3_STATE
DAT,NWR,AXIS_ENC_3_REF_STATE
DAT,NWR,AXIS_ENC_4_COUNT
DAT,NWR,AXIS_ENC_4_COUNT_DUMMY
DAT,NWR,AXIS_ENC_4_STATE
DAT,NWR,AXIS_ENC_4_REF_STATE
DAT,NWR,AXIS_ENC_1_OFFSET
DAT,NWR,AXIS_ENC_1_OFFSET_DUMMY
