DAT,PFR,AXIS_ENC_3_COMPPHASE90
DAT,PFR,AXIS_ENC_3_COMPSYMM0
DAT,PFR,AXIS_ENC_3_COMPSYMM90
DAT,PFR,AXIS_ENC_3_COMPFLAG1
DAT,PFR,AXIS_ENC_3_COMPFLAG2
DAT,PFR,AXIS_ENC_4_COMPOFF0
DAT,PFR,AXIS_ENC_4_COMPOFF90
DAT,PFR,AXIS_ENC_4_COMPPHASE0
DAT,PFR,AXIS_ENC_4_COMPPHASE90
DAT,PFR,AXIS_ENC_4_COMPSYMM0
DAT,PFR,AXIS_ENC_4_COMPSYMM90
DAT,PFR,AXIS_ENC_4_COMPFLAG1
DAT,PFR,AXIS_ENC_4_COMPFLAG2
DAT,PFR,AXIS_ENC_1_TALLY_SMALL
DAT,PFR,AXIS_ENC_1_TALLY_TOO_HIGH
DAT,PFR,AXIS_ENC_1_TALLY_TOO_SMALL
DAT,PFR,AXIS_ENC_1_TALLY_FREQ
DAT,PFR,AXIS_ENC_2_TALLY_SMALL
DAT,PFR,AXIS_ENC_2_TALLY_TOO_HIGH
DAT,PFR,AXIS_ENC_2_TALLY_TOO_SMALL
DAT,PFR,AXIS_ENC_2_TALLY_FREQ
DAT,PFR,AXIS_ENC_3_TALLY_SMALL
DAT,PFR,AXIS_ENC_3_TALLY_TOO_HIGH
DAT,PFR,AXIS_ENC_3_TALLY_TOO_SMALL
DAT,PFR,AXIS_ENC_3_TALLY_FREQ
DAT,PFR,AXIS_ENC_4_TALLY_SMALL
DAT,PFR,AXIS_ENC_4_TALLY_TOO_HIGH
DAT,PFR,AXIS_ENC_4_TALLY_TOO_SMALL
DAT,PFR,AXIS_ENC_4_TALLY_FREQ
DAT,PFR,AXIS_ENC_1_COMBINED_STATE
DAT,PFR,AXIS_ENC_2_COMBINED_STATE
DAT,PFR,AXIS_ENC_3_COMBINED_STATE
DAT,PFR,AXIS_ENC_4_COMBINED_STATE
DAT,PFR,AGN_PROC_STATE
DAT,PFR,AGN_VERSION
DAT,PFR,AGN_SERVER_SHUTDOWN
DAT,PFR,SERVER_PID
DAT,PFR,NSC_PROC_STATE
DAT,PFR,NSC_APP_VERSION
DAT,PFR,TOP_LEVEL_STATE
DAT,PFR,NSC_NODE_SHUTDOWN_COMMAND
DAT,PFR,NSC_ENABLE
DAT,PFR,NSC_HOME
DAT,PFR,NSC_STOP_DEMAND
DAT,PFR,SAFE_STATE_COMMAND
DAT,PFR,ACTIVATE_COMMAND
DAT,PFR,AXIS_STOPPED
DAT,PFR,NSC_HALT_DEMAND
DAT,PFR,RECOVER_LIMIT
DAT,PFR,USER_REPORTED_STATE
DAT,PFR,HOMED
DAT,PFR,NMC_PROC_STATE
DAT,PFR,NMC_APP_VERSION
DAT,PFR,NMC_SERVER_SHUTDOWN
DAT,PFR,NMC_STATE
DAT,PFR,PRIVATE_AXIS_START_COMMAND
DAT,PFR,PRIVATE_AXIS_STOP_COMMAND
DAT,PFR,PRIVATE_L2_LIMIT_MASK_COMMAND
DAT,PFR,ASC_PROC_STATE
DAT,PFR,ASC_APP_VERSION
DAT,PFR,ASC_SERVER_SHUTDOWN
DAT,PFR,STOP_ENABLE
DAT,PFR,AXIS_STOPPED_MOVING
DAT,PFR,AXIS_STOP_FAILURE
DAT,PFR,INTERRUPT_STUTTER_IGNORE
DAT,PFR,AMC_PROC_STATE
DAT,PFR,AMC_APP_VERSION
DAT,PFR,AMC_SERVER_SHUTDOWN
DAT,PFR,AMC_STATE
DAT,PFR,MOVE_ENABLE
DAT,PFR,AXIS_MOVE_FAILURE
DAT,PFR,MOVE_COMMAND
DAT,PFR,TRACK_COMMAND
DAT,PFR,HALT_COMMAND
DAT,PFR,TARGET_TIME
DAT,PFR,TARGET_TIME_DUMMY
DAT,PFR,TARGET_POSITION
DAT,PFR,WORKING_TARGET_TIME
DAT,PFR,WORKING_TARGET_TIME_DUMMY
DAT,PFR,WORKING_TARGET_POSITION
DAT,PFR,SINUSOID_COMMAND
DAT,PFR,SINUSOID_AMPLITUDE
DAT,PFR,SINUSOID_FREQUENCY
DAT,PFR,AXIS_POSITION_DEMAND
DAT,PFR,SIMULATION_ACTIVE
DAT,PFR,CLOCKWISE_LIMIT_ACTIVE
DAT,PFR,ACW_LIMIT_ACTIVE
DAT,PFR,DISTANCE_TO_CW_LIMIT
DAT,PFR,DISTANCE_TO_ACW_LIMIT
DAT,PFR,RECOVER_COMMAND
DAT,PFR,LIMIT_RECOVERY_DISTANCE
DAT,PFR,PRELOAD_APPLICATION_PERIOD
DAT,PFR,PEAK_TRACKING_ERROR
DAT,PFR,RMS_TRACKING_ERROR
DAT,PFR,AXIS_POSITION
DAT,PFR,PID_P1_GAIN
DAT,PFR,PID_P2_GAIN
DAT,PFR,PID_K1_GAIN
DAT,PFR,INTEGRATOR_WIND_UP_LIMIT
DAT,PFR,INTEGRATOR_LIMIT_REACHED
DAT,PFR,HOMING_VELOCITY
DAT,PFR,MAX_HOMING_DURATION
DAT,PFR,CURRENT_AXIS_VELOCITY
DAT,PFR,ENABLE_MOTION_TESTING
DAT,PFR,MOTION_CONTROL_TEST_MODE
DAT,PFR,START_LOGGING_COMMAND
DAT,PFR,VELOCITY_LIMIT
DAT,PFR,ACCELERATION_LIMIT
DAT,PFR,VELOCITY_CONTROL_DC_GAIN
DAT,PFR,MOTOR_1_VELOCITY
DAT,PFR,MOTOR_2_VELOCITY
DAT,PFR,MOTOR_VELOCITY_SUM
DAT,PFR,MOTOR_VELOCITY_DIFF
DAT,PFR,MTR_VEL_FEEDBACK_FRACTION
DAT,PFR,MTR_VEL_TRQ_CORRECTION
DAT,PFR,SERVO_CTRL_ALGORITHM_TYPE
DAT,PFR,SERVO_CTRL_ALGORITHM_VER
DAT,PFR,INTERRUPT_STUTTER_LIMIT
DAT,PFR,INTERRUPT_STUTTER_IGNORE
DAT,PFR,HNF_MODEL_ID_1
DAT,PFR,HNF_MODEL_ID_2
DAT,PFR,AXIS_VEL_GAIN
DAT,PFR,AXIS_VEL_TRQ_CORRECTION
DAT,PFR,RECOVER_L2_LIMIT
DAT,PFR,RECOVER_L2_VELOCITY
DAT,PFR,RECOVER_L2_DURATION
DAT,PFR,MOVE_RE_ENABLE
DAT,PFR,L1_LIMIT_TOLERANCE
DAT,PFR,PROFILER_TOLERANCE
DAT,PFR,PROFILER_DIFF
DAT,PFR,MAX_PROFILER_DIFF
DAT,PFR,MOVE_LO
DAT,PFR,MOVE_HI
DAT,PFR,MOVE_PARK_POSITION
DAT,PFR,AT_PARK_POSITION
DAT,PFR,NCI_PROC_STATE
DAT,PFR,NCI_VERSION
DAT,PFR,NCI_SERVER_SHUTDOWN
DAT,PFR,TALLY_BASE
DAT,PFR,NCO_PROC_STATE
DAT,PFR,NCO_VERSION
DAT,PFR,NCO_SERVER_SHUTDOWN
DAT,PFR,AES_PROC_STATE
DAT,PFR,AES_SERVER_SHUTDOWN
DAT,PFR,POSITION
DAT,PFR,PINION_TEETH
DAT,PFR,SPUR_TEETH
DAT,PFR,GREY_CODED
DAT,PFR,STATUS
DAT,PFR,TANNENBAUM_FMT
DAT,PFR,MULTITURN_BITS
DAT,PFR,SINGLETURN_BITS
DAT,PFR,SCALE
DAT,PFR,UNITS
DAT,PFR,MULTIPLIER
DAT,PFR,REVS
DAT,PFR,ORIGIN
DAT,PFR,OFFSET
DAT,PFR,TYPE
DAT,PFR,USER_SER_NUM
DAT,PFR,COUNTS_PER_TURN
DAT,PFR,MAX_REVS
DAT,PFR,FACTORY_SER_NUM
DAT,PFR,TOTAL_OP_TIME
DAT,PFR,AES_CLIENT_SHUTDOWN
DAT,PFR,READ_FAULTS
DAT,PFR,AES_AES_VERSION
DAT,PFR,AES_AEI_VERSION
DAT,PFR,OID_PROC_STATE
DAT,PFR,OID_VERSION
DAT,PFR,OID_SERVER_SHUTDOWN
DAT,PFR,ERR_AGENT_GET_VALUE
DAT,PFR,ERR_AGENT_SET_VALUE
DAT,PFR,ERR_AGENT_GET_ATTRIB
DAT,PFR,ERR_AGENT_SET_ATTRIB
DAT,PFR,ERR_AGENT_HEARTBEAT
DAT,PFR,ERR_AGENT_TRACK
DAT,PFR,ERR_AGENT_POLLSAFE
DAT,PFR,ERR_AGENT_POLLACTIVE
DAT,PFR,ERR_AGENT_GENERIC
DAT,OMR,REP_PROC_STATE
DAT,OMR,REP_APP_VERSION
DAT,OMR,FLUSH_PERIOD
DAT,OMR,LAST_FLUSH_OIDS
DAT,OMR,LAST_FLUSH_SUBMITS
DAT,OMR,AGN_PROC_STATE
DAT,OMR,AGN_VERSION
DAT,OMR,AGN_SERVER_SHUTDOWN
DAT,OMR,SERVER_PID
DAT,OMR,CAN_PROC_STATE
DAT,OMR,CAN_APP_VERSION
DAT,OMR,CAN_SHUTDOWN
DAT,OMR,NCI_PROC_STATE
DAT,OMR,NCI_VERSION
DAT,OMR,NCI_SERVER_SHUTDOWN
DAT,OMR,TALLY_BASE
DAT,OMR,NCO_PROC_STATE
DAT,OMR,NCO_VERSION
DAT,OMR,NCO_SERVER_SHUTDOWN
DAT,OMR,AGD_PROC_STATE
DAT,OMR,AGD_APP_VERSION
DAT,OMR,AGD_SHUTDOWN
DAT,OMR,AGD_STATE
DAT,OMR,AGD_ENABLE
DAT,OMR,AGD_HOME
DAT,OMR,AGD_DEMAND
DAT,OMR,AGD_ACTUAL
DAT,OMR,UNUSED_LIMIT_LO
DAT,OMR,UNUSED_LIMIT_HI
DAT,OMR,BRAKE_STATE
DAT,OMR,BRAKE_OFF
DAT,OMR,FILTER_STATE
DAT,OMR,FILTER_DEMAND
DAT,OMR,FILTER_ACTUAL
DAT,OMR,DARK_SLIDE_STATE
DAT,OMR,DARK_SLIDE_DEMAND
DAT,OMR,DARK_SLIDE_ACTUAL
DAT,OMR,AIR_STATE
DAT,OMR,AGD_STOP_DEMAND
DAT,OMR,AGD_RANGE_LO
DAT,OMR,AGD_RANGE_HI
DAT,OMR,AGD_HOME_TOLERANCE
DAT,OMR,DARK_SLIDE_FITTED
DAT,OMR,AGD_MAX_MOVING_TIME
DAT,OMR,AGD_STOPPED
DAT,OMR,AGD_AT_ZERO
DAT,OMR,AGD_HALT_DEMAND
DAT,OMR,AGD_ERROR
DAT,OMR,AGD_POSITION_OFFSET
DAT,OMR,AGD_POSITION_SCALAR
DAT,OMR,AGD_ULYNX_DEMAND
DAT,OMR,AGD_ULYNX_ACTUAL
DAT,OMR,AGD_POS_TOLERANCE
DAT,OMR,AGD_ULYNX_ERROR
DAT,OMR,AGD_AT_LO
DAT,OMR,AGD_AT_HI
DAT,OMR,AGD_MOVE_LO
DAT,OMR,AGD_MOVE_HI
DAT,OMR,AGF_PROC_STATE
DAT,OMR,AGF_APP_VERSION
DAT,OMR,AGF_SHUTDOWN
DAT,OMR,AGF_STATE
DAT,OMR,AGF_ENABLE
DAT,OMR,AGF_HOME
DAT,OMR,AGF_DEMAND
DAT,OMR,AGF_ACTUAL
DAT,OMR,UNUSED_LIMIT_LO
DAT,OMR,UNUSED_LIMIT_HI
DAT,OMR,AGF_STOP_DEMAND
DAT,OMR,AGF_RANGE_LO
DAT,OMR,AGF_RANGE_HI
DAT,OMR,AGF_HOME_TOLERANCE
DAT,OMR,AGF_MAX_MOVING_TIME
DAT,OMR,AGF_STOPPED
DAT,OMR,AGF_AT_ZERO
DAT,OMR,AGF_HALT_DEMAND
DAT,OMR,AGF_ERROR
DAT,OMR,AGF_POSITION_OFFSET
DAT,OMR,AGF_POSITION_SCALAR
DAT,OMR,AGF_ULYNX_DEMAND
DAT,OMR,AGF_ULYNX_ACTUAL
DAT,OMR,AGF_POS_TOLERANCE
DAT,OMR,AGF_ULYNX_ERROR
DAT,OMR,AGF_AT_LO
DAT,OMR,AGF_AT_HI
DAT,OMR,AGF_MOVE_LO
DAT,OMR,AGF_MOVE_HI
DAT,OMR,SFD_PROC_STATE
DAT,OMR,SFD_APP_VERSION
DAT,OMR,SFD_SHUTDOWN
DAT,OMR,SFD_STATE
DAT,OMR,SFD_ENABLE
DAT,OMR,SFD_HOME
DAT,OMR,SFD_DEMAND
DAT,OMR,SFD_ACTUAL
DAT,OMR,ACTUAL_LINEAR
DAT,OMR,DEPLOY_POSITION
DAT,OMR,STOW_POSITION
DAT,OMR,STOW_DEPLOY_TOLERANCE
DAT,OMR,UNUSED_LIMIT_LO
DAT,OMR,UNUSED_LIMIT_HI
DAT,OMR,SFD_STOP_DEMAND
DAT,OMR,SFD_HOME_TOLERANCE
DAT,OMR,SFD_MAX_MOVING_TIME
DAT,OMR,SFD_STOPPED
DAT,OMR,SFD_AT_ZERO
DAT,OMR,SFD_HALT_DEMAND
DAT,OMR,SFD_ERROR
DAT,OMR,DEMAND_LINEAR
DAT,OMR,SFD_POS_TOLERANCE
DAT,OMR,SFD_ULYNX_ERROR
DAT,OMR,SFD_AT_LO
DAT,OMR,SFD_AT_HI
DAT,OMR,SFD_MOVE_LO
DAT,OMR,SFD_MOVE_HI
DAT,OMR,SFP_PROC_STATE
DAT,OMR,SFP_APP_VERSION
DAT,OMR,SFP_SHUTDOWN
DAT,OMR,SFP_STATE
DAT,OMR,SFP_ENABLE
DAT,OMR,SFP_HOME
DAT,OMR,SFP_DEMAND
DAT,OMR,SFP_ACTUAL
DAT,OMR,DEMAND_ANGULAR
DAT,OMR,ACTUAL_ANGULAR
DAT,OMR,UNUSED_HOME_SWITCH
DAT,OMR,SFP_STOP_DEMAND
DAT,OMR,SFP_TOLERANCE
DAT,OMR,PORT_1_POSITION
DAT,OMR,PORT_2_POSITION
DAT,OMR,PORT_3_POSITION
DAT,OMR,PORT_4_POSITION
DAT,OMR,PORT_5_POSITION
DAT,OMR,PORT_6_POSITION
DAT,OMR,PORT_7_POSITION
DAT,OMR,PORT_8_POSITION
DAT,OMR,NO_PORTS
DAT,OMR,SFP_MAX_MOVING_TIME
DAT,OMR,SFP_STOPPED
DAT,OMR,SFP_AT_ZERO
DAT,OMR,SFP_HALT_DEMAND
DAT,OMR,SFP_ERROR
DAT,OMR,SFP_POS_TOLERANCE
DAT,OMR,SFP_ULYNX_ERROR
DAT,OMR,SFP_AT_LO
DAT,OMR,SFP_AT_HI
DAT,OMR,SFP_MOVE_LO
DAT,OMR,SFP_MOVE_HI
DAT,OMR,SMF_PROC_STATE
DAT,OMR,SMF_APP_VERSION
DAT,OMR,SMF_SHUTDOWN
DAT,OMR,SMF_STATE
DAT,OMR,SMF_ENABLE
DAT,OMR,SMF_HOME
DAT,OMR,SMF_DEMAND
DAT,OMR,SMF_ACTUAL
DAT,OMR,UNUSED_LIMIT_LO
DAT,OMR,UNUSED_LIMIT_HI
DAT,OMR,SMF_STOP_DEMAND
DAT,OMR,SMF_RANGE_LO
DAT,OMR,SMF_RANGE_HI
DAT,OMR,SMF_HOME_TOLERANCE
DAT,OMR,SMF_MAX_MOVING_TIME
DAT,OMR,SMF_STOPPED
DAT,OMR,SMF_AT_ZERO
DAT,OMR,TEMP_COMP_ENABLE
DAT,OMR,TEMP_COMP_COEF
DAT,OMR,TEMP_COMP_ZEROPT
DAT,OMR,TEMP_COMP_OFFSET
DAT,OMR,TEMP_COMP_THRESHOLD
DAT,OMR,PHYSICAL_POSN
DAT,OMR,SMF_HALT_DEMAND
DAT,OMR,ALT_COMP_ENABLE
DAT,OMR,ALT_COMP_COEF
DAT,OMR,ALT_COMP_ZEROPT
DAT,OMR,ALT_COMP_OFFSET
DAT,OMR,ALT_COMP_THRESHOLD
DAT,OMR,TEMP_COMP_OPERATIONAL
DAT,OMR,ALT_COMP_OPERATIONAL
DAT,OMR,SMF_ERROR
DAT,OMR,SMF_NOMINAL_FOCUS
DAT,OMR,SMF_LIN_ENC_START_POS
DAT,OMR,SMF_LIN_ENC_END_POS
DAT,OMR,SMF_AT_NOMINAL_FOCUS
DAT,OMR,SMF_AT_LIN_ENC_START
DAT,OMR,SMF_AT_LIN_ENC_END
DAT,OMR,SMF_MOVE_NOMINAL
DAT,OMR,SMF_MOVE_LIN_ENC_START
DAT,OMR,SMF_MOVE_LIN_ENC_END
DAT,OMR,SMF_POSITION_OFFSET
DAT,OMR,SMF_POSITION_SCALAR
DAT,OMR,SMF_ULYNX_DEMAND
DAT,OMR,SMF_ULYNX_ACTUAL
DAT,OMR,SMF_POS_TOLERANCE
DAT,OMR,SMF_ULYNX_ERROR
DAT,OMR,SMF_AT_LO
DAT,OMR,SMF_AT_HI
DAT,OMR,SMF_MOVE_LO
DAT,OMR,SMF_MOVE_HI
DAT,OMR,OID_PROC_STATE
DAT,OMR,OID_VERSION
DAT,OMR,OID_SERVER_SHUTDOWN
DAT,OMR,ERR_AGENT_GET_VALUE
DAT,OMR,ERR_AGENT_SET_VALUE
DAT,OMR,ERR_AGENT_GET_ATTRIB
DAT,OMR,ERR_AGENT_SET_ATTRIB
DAT,OMR,ERR_AGENT_HEARTBEAT
DAT,OMR,ERR_AGENT_TRACK
DAT,OMR,ERR_AGENT_POLLSAFE
DAT,OMR,ERR_AGENT_POLLACTIVE
DAT,OMR,ERR_AGENT_GENERIC
DAT,OMR,AMS_PROC_STATE
DAT,OMR,AMS_APP_VERSION
DAT,OMR,AMS_STATE
DAT,OMR,AMS_SHUTDOWN
DAT,OMR,AMS_ENABLE
DAT,OMR,AMS_HOME
DAT,OMR,AMS_STOP_DEMAND
DAT,OMR,SAFE_STATE
DAT,OMR,ACTIVATE
