DAT,SPT,CAS_LIMITS
DAT,SPT,AZM_M1_TEMP
DAT,SPT,AZM_M1_TEMP_VAL
DAT,SPT,AZM_M2_TEMP
DAT,SPT,AZM_M2_TEMP_VAL
DAT,SPT,ALT_M1_TEMP
DAT,SPT,ALT_M1_TEMP_VAL
DAT,SPT,ALT_M2_TEMP
DAT,SPT,ALT_M2_TEMP_VAL
DAT,SPT,CAS_M1_TEMP
DAT,SPT,CAS_M1_TEMP_VAL
DAT,SPT,CAS_M2_TEMP
DAT,SPT,CAS_M2_TEMP_VAL
DAT,SPT,AMP_RK_TEMP
DAT,SPT,AMP_RK_TEMP_VAL
DAT,SPT,OIL_AMB_TEMP
DAT,SPT,OIL_AMB_TEMP_VAL
DAT,SPT,WELL_AMB_TEMP
DAT,SPT,WELL_AMB_TEMP_VAL
DAT,SPT,SPARE_4_TEMP
DAT,SPT,SPARE_4_TEMP_VAL
DAT,SPT,AMN_TEMP
DAT,SPT,AMN_TEMP_VAL
DAT,SPT,CHK_PNL_TEMP
DAT,SPT,CHK_PNL_TEMP_VAL
DAT,SPT,AG_TEMP
DAT,SPT,AG_TEMP_VAL
DAT,SPT,SPARE_8_TEMP
DAT,SPT,SPARE_8_TEMP_VAL
DAT,SPT,ENC_AMB_TEMP
DAT,SPT,ENC_AMB_TEMP_VAL
DAT,SPT,HTG_TT1_TEMP
DAT,SPT,HTG_TT1_TEMP_VAL
DAT,SPT,HTG_TT2_TEMP
DAT,SPT,HTG_TT2_TEMP_VAL
DAT,SPT,HTG_TT3_TEMP
DAT,SPT,HTG_TT3_TEMP_VAL
DAT,SPT,HTG_TT4_TEMP
DAT,SPT,HTG_TT4_TEMP_VAL
DAT,SPT,HTG_TT5_TEMP
DAT,SPT,HTG_TT5_TEMP_VAL
DAT,SPT,HTG_TT6_TEMP
DAT,SPT,HTG_TT6_TEMP_VAL
DAT,SPT,HYD_CHL_TEMP
DAT,SPT,HYD_CHL_TEMP_VAL
DAT,SPT,HYD_FT1_FLOW
DAT,SPT,HYD_FT1_FLOW_VAL
DAT,SPT,HYD_FT2_FLOW
DAT,SPT,HYD_FT2_FLOW_VAL
DAT,SPT,HYD_FT3_FLOW
DAT,SPT,HYD_FT3_FLOW_VAL
DAT,SPT,HYD_FT4_FLOW
DAT,SPT,HYD_FT4_FLOW_VAL
DAT,SPT,HYD_MAIN_LVL
DAT,SPT,HYD_MAIN_LVL_VAL
DAT,SPT,HYD_PT1A_PRES
DAT,SPT,HYD_PT1A_PRES_VAL
DAT,SPT,HYD_PT1B_PRES
DAT,SPT,HYD_PT1B_PRES_VAL
DAT,SPT,HYD_PT1C_PRES
DAT,SPT,HYD_PT1C_PRES_VAL
DAT,SPT,HYD_PT1D_PRES
DAT,SPT,HYD_PT1D_PRES_VAL
DAT,SPT,HYD_PT2A_PRES
DAT,SPT,HYD_PT2A_PRES_VAL
DAT,SPT,HYD_PT2B_PRES
DAT,SPT,HYD_PT2B_PRES_VAL
DAT,SPT,HYD_PT3A_PRES
DAT,SPT,HYD_PT3A_PRES_VAL
DAT,SPT,HYD_PT3B_PRES
DAT,SPT,HYD_PT3B_PRES_VAL
DAT,SPT,HYD_PT3C_PRES
DAT,SPT,HYD_PT3C_PRES_VAL
DAT,SPT,HYD_PT4A_PRES
DAT,SPT,HYD_PT4A_PRES_VAL
DAT,SPT,HYD_PT4B_PRES
DAT,SPT,HYD_PT4B_PRES_VAL
DAT,SPT,HYD_PT4C_PRES
DAT,SPT,HYD_PT4C_PRES_VAL
DAT,SPT,HYD_SCV_LVL
