DAT,OMR,STOPPED_STATUS
DAT,OMR,AMS_HALT_DEMAND
DAT,OMR,ENDCLIENT_STATE_CAN
DAT,OMR,ENDCLIENT_STATE_AGD
DAT,OMR,ENDCLIENT_STATE_AGF
DAT,OMR,ENDCLIENT_STATE_SFD
DAT,OMR,ENDCLIENT_STATE_SFP
DAT,OMR,ENDCLIENT_STATE_SMF
DAT,OMR,ENDCLIENT_STATE_MBS
DAT,OMR,MBS_PROC_STATE
DAT,OMR,MBS_APP_VERSION
DAT,OMR,MBS_SHUTDOWN
DAT,OMR,SIMULATE_HW
DAT,OMR,TTM1
DAT,OMR,TTM2
DAT,OMR,TTM3
DAT,OMR,TTM4
DAT,OMR,TTM1_ENABLED
DAT,OMR,TTM2_ENABLED
DAT,OMR,TTM3_ENABLED
DAT,OMR,TTM4_ENABLED
DAT,OMR,TTM_MEAN
DAT,OMR,TTM_MEAN_ENABLED
DAT,OMR,PMT1
DAT,OMR,PMT2
DAT,OMR,PMT1_ENABLED
DAT,OMR,PMT2_ENABLED
DAT,OMR,PMT_MEAN
DAT,OMR,PMT_MEAN_ENABLED
DAT,OMR,SMT1
DAT,OMR,SMT2
DAT,OMR,SMT1_ENABLED
DAT,OMR,SMT2_ENABLED
DAT,OMR,SMT_MEAN
DAT,OMR,SMT_MEAN_ENABLED
DAT,OMR,AGT1
DAT,OMR,AGT2
DAT,OMR,AGT1_ENABLED
DAT,OMR,AGT2_ENABLED
DAT,OMR,AGT_MEAN
DAT,OMR,AGT_MEAN_ENABLED
DAT,MSR,REP_PROC_STATE
DAT,MSR,REP_APP_VERSION
DAT,MSR,FLUSH_PERIOD
DAT,MSR,LAST_FLUSH_OIDS
DAT,MSR,LAST_FLUSH_SUBMITS
DAT,MSR,AGN_PROC_STATE
DAT,MSR,AGN_VERSION
DAT,MSR,AGN_SERVER_SHUTDOWN
DAT,MSR,SERVER_PID
DAT,MSR,CAN_PROC_STATE
DAT,MSR,CAN_APP_VERSION
DAT,MSR,CAN_SHUTDOWN
DAT,MSR,SIF_PROC_STATE
DAT,MSR,SIF_APP_VERSION
DAT,MSR,SIF_SHUTDOWN
DAT,MSR,SIF_STATE
DAT,MSR,SIF_ENABLE
DAT,MSR,ALTITUDE
DAT,MSR,NORTH_SOUTH_LATITUDE
DAT,MSR,EAST_WEST_LATITUDE
DAT,MSR,REF_V_MONITOR
DAT,MSR,RED_AXIAL_LOAD
DAT,MSR,YEL_AXIAL_LOAD
DAT,MSR,BLU_AXIAL_LOAD
DAT,MSR,RED_RADIAL_LOAD
DAT,MSR,YEL_RADIAL_LOAD
DAT,MSR,BLU_RADIAL_LOAD
DAT,MSR,RED_AXIAL_VALVE_FBK
DAT,MSR,YEL_AXIAL_VALVE_FBK
DAT,MSR,BLU_AXIAL_VALVE_FBK
DAT,MSR,LAT_LOAD_VALVE_FBK
DAT,MSR,LAT_PRELOAD_VALVE_FBK
DAT,MSR,PLUS_8V_MONITOR
DAT,MSR,MINUS_8V_MONITOR
DAT,MSR,REF_VOLTAGE
DAT,MSR,RED_AXIAL_VALVE_DRIVE
DAT,MSR,YEL_AXIAL_VALVE_DRIVE
DAT,MSR,BLU_AXIAL_VALVE_DRIVE
DAT,MSR,LAT_LOAD_VALVE_DRIVE
DAT,MSR,LAT_PRELOAD_VALVE_DRIVE
DAT,MSR,AIR_PRESSURE_STATE
DAT,MSR,SERVO_VALVE_POWER_STATE
DAT,MSR,WATCHDOG1
DAT,MSR,WATCHDOG2
DAT,MSR,SIF_STOP_DEMAND
DAT,MSR,SIF_STOPPED
DAT,MSR,LAT_2_LOAD_VALVE_FBK
DAT,MSR,LAT_2_PRELOAD_VALVE_FBK
DAT,MSR,LAT_2_LOAD_VALVE_DRIVE
DAT,MSR,LAT_2_PRELOAD_VALVE_DRIVE
DAT,MSR,INCLINOMETER_GRADIENT
DAT,MSR,INCLINOMETER_INTERCEPT
DAT,MSR,RED_AXIAL_GAIN
DAT,MSR,YEL_AXIAL_GAIN
DAT,MSR,BLU_AXIAL_GAIN
DAT,MSR,LATERAL_GAIN
DAT,MSR,OFFSET_REF_V_MONITOR
DAT,MSR,OFFSET_RED_AXIAL_LOAD
DAT,MSR,OFFSET_YEL_AXIAL_LOAD
DAT,MSR,OFFSET_BLU_AXIAL_LOAD
DAT,MSR,OFFSET_RED_RADIAL_LOAD
DAT,MSR,OFFSET_YEL_RADIAL_LOAD
DAT,MSR,OFFSET_BLU_RADIAL_LOAD
DAT,MSR,OFFSET_RED_AXIAL_VALVE_FBK
DAT,MSR,OFFSET_YEL_AXIAL_VALVE_FBK
DAT,MSR,OFFSET_BLU_AXIAL_VALVE_FBK
DAT,MSR,OFFSET_LAT_LOAD_VALVE_FBK
DAT,MSR,OFFSET_LAT_PRELOAD_VALVE_FBK
DAT,MSR,OFFSET_LAT_2_LOAD_VALVE_FBK
DAT,MSR,OFFSET_LAT_2_PRELOAD_VALVE_FBK
DAT,MSR,SD_CELL_1_1
DAT,MSR,SD_CELL_1_2
DAT,MSR,SD_CELL_1_3
DAT,MSR,SD_CELL_2_1
DAT,MSR,SD_CELL_2_2
DAT,MSR,SD_CELL_2_3
DAT,MSR,SD_CELL_3_1
DAT,MSR,SD_CELL_3_2
DAT,MSR,SD_CELL_3_3
DAT,MSR,INCLIN_FILTER_COEFF_1
DAT,MSR,INCLIN_FILTER_COEFF_2
DAT,MSR,NOISE_FILTER_IN_T0
DAT,MSR,NOISE_FILTER_IN_T1
DAT,MSR,NOISE_FILTER_OUT
DAT,MSR,RED_AX_CTRL_T1
DAT,MSR,RED_AX_CTRL_T2
DAT,MSR,RED_AX_CTRL_T3
DAT,MSR,RED_AX_CTRL_T4
DAT,MSR,YEL_AX_CTRL_T1
DAT,MSR,YEL_AX_CTRL_T2
DAT,MSR,YEL_AX_CTRL_T3
DAT,MSR,YEL_AX_CTRL_T4
DAT,MSR,BLU_AX_CTRL_T1
DAT,MSR,BLU_AX_CTRL_T2
DAT,MSR,BLU_AX_CTRL_T3
DAT,MSR,BLU_AX_CTRL_T4
DAT,MSR,RED_AX_INPUT_T0
DAT,MSR,RED_AX_INPUT_T1
DAT,MSR,RED_AX_INPUT_T2
DAT,MSR,RED_AX_INPUT_T3
DAT,MSR,RED_AX_INPUT_T4
DAT,MSR,RED_AX_INPUT_T5
DAT,MSR,YEL_AX_INPUT_T0
DAT,MSR,YEL_AX_INPUT_T1
DAT,MSR,YEL_AX_INPUT_T2
DAT,MSR,YEL_AX_INPUT_T3
DAT,MSR,YEL_AX_INPUT_T4
DAT,MSR,YEL_AX_INPUT_T5
DAT,MSR,BLU_AX_INPUT_T0
DAT,MSR,BLU_AX_INPUT_T1
DAT,MSR,BLU_AX_INPUT_T2
DAT,MSR,BLU_AX_INPUT_T3
DAT,MSR,BLU_AX_INPUT_T4
DAT,MSR,BLU_AX_INPUT_T5
DAT,MSR,LAT_CTRL_T0
DAT,MSR,LAT_CTRL_T1
DAT,MSR,LAT_CTRL_T2
DAT,MSR,ADAPTIVE_PID_ENABLE
DAT,MSR,RED_ADAP_CTRL
DAT,MSR,RED_PROP_GAIN_MIN
DAT,MSR,RED_PROP_GAIN_MAX
DAT,MSR,RED_INT_GAIN_MIN
DAT,MSR,RED_INT_GAIN_MAX
DAT,MSR,RED_DERIV_GAIN
DAT,MSR,RED_LEARNING
DAT,MSR,RED_ERR_THRES
DAT,MSR,YEL_ADAP_CTRL
DAT,MSR,YEL_PROP_GAIN_MIN
DAT,MSR,YEL_PROP_GAIN_MAX
DAT,MSR,YEL_INT_GAIN_MIN
DAT,MSR,YEL_INT_GAIN_MAX
DAT,MSR,YEL_DERIV_GAIN
DAT,MSR,YEL_LEARNING
DAT,MSR,YEL_ERR_THRES
DAT,MSR,BLU_ADAP_CTRL
DAT,MSR,BLU_PROP_GAIN_MIN
DAT,MSR,BLU_PROP_GAIN_MAX
DAT,MSR,BLU_INT_GAIN_MIN
DAT,MSR,BLU_INT_GAIN_MAX
DAT,MSR,BLU_DERIV_GAIN
DAT,MSR,BLU_LEARNING
DAT,MSR,BLU_ERR_THRES
DAT,MSR,INCLIN_FILTER_IN_T0
DAT,MSR,INCLIN_FILTER_IN_T1
DAT,MSR,INCLIN_FILTER_OUT
DAT,MSR,LAT_FEED_FWD
DAT,MSR,LAT_PRELOAD_AMP
DAT,MSR,NCI_PROC_STATE
DAT,MSR,NCI_VERSION
DAT,MSR,NCI_SERVER_SHUTDOWN
DAT,MSR,TALLY_BASE
DAT,MSR,NCO_PROC_STATE
DAT,MSR,NCO_VERSION
DAT,MSR,NCO_SERVER_SHUTDOWN
DAT,MSR,ACM_PROC_STATE
DAT,MSR,ACM_APP_VERSION
DAT,MSR,ACM_SHUTDOWN
DAT,MSR,ACM_STATE
DAT,MSR,ACM_ENABLE
DAT,MSR,ACM_HOME
DAT,MSR,HOME_LINEAR_ENCS
DAT,MSR,ACM_STOP_DEMAND
DAT,MSR,RED_HOME
DAT,MSR,RED_STATE
DAT,MSR,RED_ACTUAL
DAT,MSR,RED_DEMAND
DAT,MSR,RED_HOME_ENC
DAT,MSR,RED_ENC_HOMED
DAT,MSR,RED_LINEAR
DAT,MSR,RED_PROXIMITY
DAT,MSR,RED_COLLIMATED_POS
DAT,MSR,RED_ENC_CALIBRATION
DAT,MSR,YEL_HOME
DAT,MSR,YEL_STATE
DAT,MSR,YEL_ACTUAL
DAT,MSR,YEL_DEMAND
DAT,MSR,YEL_HOME_ENC
DAT,MSR,YEL_ENC_HOMED
DAT,MSR,YEL_LINEAR
DAT,MSR,YEL_PROXIMITY
DAT,MSR,YEL_COLLIMATED_POS
DAT,MSR,YEL_ENC_CALIBRATION
DAT,MSR,BLU_HOME
DAT,MSR,BLU_STATE
DAT,MSR,BLU_ACTUAL
DAT,MSR,BLU_DEMAND
DAT,MSR,BLU_HOME_ENC
DAT,MSR,BLU_ENC_HOMED
DAT,MSR,BLU_LINEAR
DAT,MSR,BLU_PROXIMITY
DAT,MSR,BLU_COLLIMATED_POS
DAT,MSR,BLU_ENC_CALIBRATION
DAT,MSR,ACM_RANGE_LO
DAT,MSR,ACM_RANGE_HI
DAT,MSR,ACM_REL_MOVING_TIME
DAT,MSR,ACM_ABS_MOVING_TIME
DAT,MSR,ACM_STOPPED
DAT,MSR,ACM_AT_ZERO
DAT,MSR,ACM_TOLERANCE
DAT,MSR,LINEAR_ENC_DELAY
DAT,MSR,RELATIVE_RANGE_POS
DAT,MSR,RELATIVE_RANGE_NEG
DAT,MSR,SAVE_COLLIMATION
DAT,MSR,RECOLLIMATE
DAT,MSR,RECOLLIMATE_DEFAULT
DAT,MSR,RED_DFLT_COLLIMATED
DAT,MSR,YEL_DFLT_COLLIMATED
DAT,MSR,BLU_DFLT_COLLIMATED
DAT,MSR,ACM_HALT_DEMAND
DAT,MSR,COLLIMATED_TOLERANCE
DAT,MSR,RED_COLLIMATE_DIFF
DAT,MSR,YEL_COLLIMATE_DIFF
DAT,MSR,BLU_COLLIMATE_DIFF
DAT,MSR,OID_PROC_STATE
DAT,MSR,OID_VERSION
DAT,MSR,OID_SERVER_SHUTDOWN
DAT,MSR,ERR_AGENT_GET_VALUE
DAT,MSR,ERR_AGENT_SET_VALUE
DAT,MSR,ERR_AGENT_GET_ATTRIB
DAT,MSR,ERR_AGENT_SET_ATTRIB
DAT,MSR,ERR_AGENT_HEARTBEAT
DAT,MSR,ERR_AGENT_TRACK
DAT,MSR,ERR_AGENT_POLLSAFE
DAT,MSR,ERR_AGENT_POLLACTIVE
DAT,MSR,ERR_AGENT_GENERIC
DAT,MSR,PMS_PROC_STATE
DAT,MSR,PMS_APP_VERSION
DAT,MSR,PMS_STATE
DAT,MSR,PMS_SHUTDOWN
DAT,MSR,PMS_ENABLE
DAT,MSR,PMS_HOME
DAT,MSR,PMS_STOP_DEMAND
DAT,MSR,SAFE_STATE
DAT,MSR,ACTIVATE
DAT,MSR,STOPPED_STATUS
DAT,MSR,PMS_HALT_DEMAND
DAT,MSR,ENDCLIENT_STATE_CAN
DAT,MSR,ENDCLIENT_STATE_INC
DAT,MSR,ENDCLIENT_STATE_SIF
DAT,MSR,ENDCLIENT_STATE_ACM
DAT,MSR,DATAID_MAX_VALUE
DAT,MSR,DATAID_MAX_VALUE
DAT,MSR,DATAID_MAX_VALUE
DAT,MSR,DATAID_MAX_VALUE
DAT,CM0,CMT_PROC_STATE
DAT,CM0,CMT_APP_VERSION
DAT,CM0,CPU_USED_PERCENT
DAT,CM0,DISK1_FREE_PERCENT
DAT,CM0,DISK2_FREE_PERCENT
DAT,CM0,DISK3_FREE_PERCENT
DAT,CM0,DISK4_FREE_PERCENT
DAT,CM0,MEMORY_FREE_PERCENT
DAT,CM0,NTP_LOCKED
DAT,CM1,CMT_PROC_STATE
DAT,CM1,CMT_APP_VERSION
DAT,CM1,CPU_USED_PERCENT
DAT,CM1,DISK1_FREE_PERCENT
DAT,CM1,DISK2_FREE_PERCENT
DAT,CM1,DISK3_FREE_PERCENT
DAT,CM1,DISK4_FREE_PERCENT
DAT,CM1,MEMORY_FREE_PERCENT
DAT,CM1,NTP_LOCKED
DAT,CM2,CMT_PROC_STATE
DAT,CM2,CMT_APP_VERSION
DAT,CM2,CPU_USED_PERCENT
DAT,CM2,DISK1_FREE_PERCENT
DAT,CM2,DISK2_FREE_PERCENT
DAT,CM2,DISK3_FREE_PERCENT
DAT,CM2,DISK4_FREE_PERCENT
DAT,CM2,MEMORY_FREE_PERCENT
DAT,CM2,NTP_LOCKED
DAT,CM3,CMT_PROC_STATE
DAT,CM3,CMT_APP_VERSION
DAT,CM3,CPU_USED_PERCENT
DAT,CM3,DISK1_FREE_PERCENT
DAT,CM3,DISK2_FREE_PERCENT
DAT,CM3,DISK3_FREE_PERCENT
DAT,CM3,DISK4_FREE_PERCENT
DAT,CM3,MEMORY_FREE_PERCENT
DAT,CM3,NTP_LOCKED
DAT,CM4,CMT_PROC_STATE
DAT,CM4,CMT_APP_VERSION
DAT,CM4,CPU_USED_PERCENT
DAT,CM4,DISK1_FREE_PERCENT
DAT,CM4,DISK2_FREE_PERCENT
DAT,CM4,DISK3_FREE_PERCENT
DAT,CM4,DISK4_FREE_PERCENT
DAT,CM4,MEMORY_FREE_PERCENT
DAT,CM4,NTP_LOCKED
DAT,CM5,CMT_PROC_STATE
DAT,CM5,CMT_APP_VERSION
DAT,CM5,CPU_USED_PERCENT
DAT,CM5,DISK1_FREE_PERCENT
DAT,CM5,DISK2_FREE_PERCENT
DAT,CM5,DISK3_FREE_PERCENT
DAT,CM5,DISK4_FREE_PERCENT
DAT,CM5,MEMORY_FREE_PERCENT
DAT,CM5,NTP_LOCKED
DAT,CM6,CMT_PROC_STATE
DAT,CM6,CMT_APP_VERSION
DAT,CM6,CPU_USED_PERCENT
DAT,CM6,DISK1_FREE_PERCENT
DAT,CM6,DISK2_FREE_PERCENT
DAT,CM6,DISK3_FREE_PERCENT
DAT,CM6,DISK4_FREE_PERCENT
DAT,CM6,MEMORY_FREE_PERCENT
DAT,CM6,NTP_LOCKED
DAT,CM7,CMT_PROC_STATE
DAT,CM7,CMT_APP_VERSION
DAT,CM7,CPU_USED_PERCENT
DAT,CM7,DISK1_FREE_PERCENT
DAT,CM7,DISK2_FREE_PERCENT
DAT,CM7,DISK3_FREE_PERCENT
DAT,CM7,DISK4_FREE_PERCENT
DAT,CM7,MEMORY_FREE_PERCENT
DAT,CM7,NTP_LOCKED
DAT,CM8,CMT_PROC_STATE
DAT,CM8,CMT_APP_VERSION
DAT,CM8,CPU_USED_PERCENT
DAT,CM8,DISK1_FREE_PERCENT
DAT,CM8,DISK2_FREE_PERCENT
DAT,CM8,DISK3_FREE_PERCENT
DAT,CM8,DISK4_FREE_PERCENT
DAT,CM8,MEMORY_FREE_PERCENT
DAT,CM8,NTP_LOCKED
DAT,CM9,CMT_PROC_STATE
DAT,CM9,CMT_APP_VERSION
DAT,CM9,CPU_USED_PERCENT
DAT,CM9,DISK1_FREE_PERCENT
DAT,CM9,DISK2_FREE_PERCENT
DAT,CM9,DISK3_FREE_PERCENT
DAT,CM9,DISK4_FREE_PERCENT
DAT,CM9,MEMORY_FREE_PERCENT
DAT,CM9,NTP_LOCKED
DAT,CC0,CCT_PROC_STATE
DAT,CC0,CCT_AUTH_STATE
DAT,CC0,SYS_REQUEST
DAT,CC0,CCT_APP_VERSION
DAT,CC0,QRY_OS_AVAILABLE
DAT,CC0,QRY_APP_PREPARED
DAT,CC0,QRY_APP_RUNNING
DAT,CC0,DMD_APP_START
DAT,CC0,DMD_APP_KILL
DAT,CC0,DMD_OS_RESTART
DAT,CC0,DMD_OS_CLOSE
DAT,CC1,CCT_PROC_STATE
DAT,CC1,CCT_AUTH_STATE
DAT,CC1,SYS_REQUEST
DAT,CC1,CCT_APP_VERSION
DAT,CC1,QRY_OS_AVAILABLE
DAT,CC1,QRY_APP_PREPARED
DAT,CC1,QRY_APP_RUNNING
DAT,CC1,DMD_APP_START
DAT,CC1,DMD_APP_KILL
DAT,CC1,DMD_OS_RESTART
DAT,CC1,DMD_OS_CLOSE
DAT,CC2,CCT_PROC_STATE
DAT,CC2,CCT_AUTH_STATE
DAT,CC2,SYS_REQUEST
