DAT,SPT,HTG_Z3_SPLY
DAT,SPT,PWR_P48_AMP
DAT,SPT,PWR_P02_SCAV
DAT,SPT,MV_3_PH_L1_SPLY
DAT,SPT,MV_3_PH_L2_SPLY
DAT,SPT,MV_3_PH_L3_SPLY
DAT,SPT,MV_3_PH_SPLY
DAT,SPT,LGT_MCB_PUMP_ROOM
DAT,SPT,LGT_MCB_ENCLOSURE
DAT,SPT,LGT_MCB_WELL_AREA
DAT,SPT,LGT_MCB_IT_ROOM
DAT,SPT,FREQ_CURRENT_CONV
DAT,SPT,TRUSS_TEMP_MCB
DAT,SPT,AZM_AMP1_TEMP
DAT,SPT,AZM_AMP1_TEMP_VAL
DAT,SPT,AZM_AMP2_TEMP
DAT,SPT,AZM_AMP2_TEMP_VAL
DAT,SPT,ALT_AMP1_TEMP
DAT,SPT,ALT_AMP1_TEMP_VAL
DAT,SPT,ALT_AMP2_TEMP
DAT,SPT,ALT_AMP2_TEMP_VAL
DAT,SPT,CAS_AMP1_TEMP
DAT,SPT,CAS_AMP1_TEMP_VAL
DAT,SPT,CAS_AMP2_TEMP
DAT,SPT,CAS_AMP2_TEMP_VAL
DAT,SPT,HTG_Z1_TEMP
DAT,SPT,HTG_Z1_TEMP_VAL
DAT,SPT,HTG_Z2_TEMP
DAT,SPT,HTG_Z2_TEMP_VAL
DAT,SPT,HTG_Z3_TEMP
DAT,SPT,HTG_Z3_TEMP_VAL
DAT,SPT,ENC_SEAL_TEMP
DAT,SPT,ENC_SEAL_TEMP_VAL
DAT,SPT,AZM_BRK1
DAT,SPT,AZM_BRK2
DAT,SPT,ALT_BRK1
DAT,SPT,ALT_BRK2
DAT,SPT,CAS_BRK1
DAT,SPT,CAS_BRK2
DAT,SPT,AZM_BRK
DAT,SPT,ALT_BRK
DAT,SPT,CAS_BRK
DAT,SPT,AXIS_RELAY
DAT,SPT,ESTOP_SYS
DAT,SPT,AZM_AXIS_VEL
DAT,SPT,AZM_AXIS_ACCEL
DAT,SPT,ALT_AXIS_VEL
DAT,SPT,ALT_AXIS_ACCEL
DAT,SPT,CAS_AXIS_VEL
DAT,SPT,CAS_AXIS_ACCEL
DAT,SPT,PUMP_RM_AIR_COND
DAT,SPT,EPLC_WDOG_TRIP
DAT,SPT,HMI_VER_STATUS
DAT,SPT,HMI_VER_NUMBER
DAT,SPT,SPLC_WDOG_TRIP
DAT,SPT,SPLC_HLTHY_TALLY
DAT,SPT,SPLC_UHLTHY_FINE
DAT,SPT,SPLC_UHLTHY_1SEC
DAT,SPT,PWR_CHILLER
DAT,SPT,PWR_BB_PWR_SWITCH
DAT,SPT,ALARM_WORD_00
DAT,SPT,ALARM_WORD_01
DAT,SPT,ALARM_WORD_02
DAT,SPT,ALARM_WORD_03
DAT,SPT,ALARM_WORD_04
DAT,SPT,ALARM_WORD_05
DAT,SPT,ALARM_WORD_06
DAT,SPT,ALARM_WORD_07
DAT,SPT,ALARM_WORD_08
DAT,SPT,ALARM_WORD_09
DAT,SPT,ALARM_WORD_10
DAT,SPT,ALARM_WORD_11
DAT,SPT,ALARM_WORD_12
DAT,SPT,ALARM_WORD_13
DAT,SPT,ALARM_WORD_14
DAT,SPT,ALARM_WORD_15
DAT,SPT,ALARM_WORD_16
DAT,SPT,ALARM_WORD_17
DAT,SPT,ALARM_WORD_18
DAT,SPT,ALARM_WORD_19
