DAT,ELR,HEAD_4_POSITION
DAT,ELR,USED_ENCODER_MASK
DAT,ELR,AXIS_COUNTS_PER_REV
DAT,ELR,MOTOR_COUNTS_PER_REV
DAT,ELR,MIN_TAPE_DIFF_COUNT
DAT,ELR,MAX_TAPE_DIFF_COUNT
DAT,ELR,AXIS_ENCODER_NEG_FEEDBACK
DAT,ELR,MOTOR_ENCODER_NEG_FEEDBACK
DAT,ELR,CLOCKWISE_L1_LIMIT_POSITION
DAT,ELR,ANTI_CW_L1_LIMIT_POSITION
DAT,ELR,AXIS_ENC_1_MIN_AMPL_STATUS
DAT,ELR,AXIS_ENC_1_MAX_AMPL_STATUS
DAT,ELR,AXIS_ENC_1_CUR_AMPL_STATUS
DAT,ELR,AXIS_ENC_1_FREQ_EXCEEDED
DAT,ELR,AXIS_ENC_2_MIN_AMPL_STATUS
DAT,ELR,AXIS_ENC_2_MAX_AMPL_STATUS
DAT,ELR,AXIS_ENC_2_CUR_AMPL_STATUS
DAT,ELR,AXIS_ENC_2_FREQ_EXCEEDED
DAT,ELR,AXIS_ENC_3_MIN_AMPL_STATUS
DAT,ELR,AXIS_ENC_3_MAX_AMPL_STATUS
DAT,ELR,AXIS_ENC_3_CUR_AMPL_STATUS
DAT,ELR,AXIS_ENC_3_FREQ_EXCEEDED
DAT,ELR,AXIS_ENC_4_MIN_AMPL_STATUS
DAT,ELR,AXIS_ENC_4_MAX_AMPL_STATUS
DAT,ELR,AXIS_ENC_4_CUR_AMPL_STATUS
DAT,ELR,AXIS_ENC_4_FREQ_EXCEEDED
DAT,ELR,AXIS_ENC_1_MIN_AMPL_CHANGE
DAT,ELR,AXIS_ENC_1_MAX_AMPL_CHANGE
DAT,ELR,AXIS_ENC_1_CUR_AMPL_CHANGE
DAT,ELR,AXIS_ENC_2_MIN_AMPL_CHANGE
DAT,ELR,AXIS_ENC_2_MAX_AMPL_CHANGE
DAT,ELR,AXIS_ENC_2_CUR_AMPL_CHANGE
DAT,ELR,AXIS_ENC_3_MIN_AMPL_CHANGE
DAT,ELR,AXIS_ENC_3_MAX_AMPL_CHANGE
DAT,ELR,AXIS_ENC_3_CUR_AMPL_CHANGE
DAT,ELR,AXIS_ENC_4_MIN_AMPL_CHANGE
DAT,ELR,AXIS_ENC_4_MAX_AMPL_CHANGE
DAT,ELR,AXIS_ENC_4_CUR_AMPL_CHANGE
DAT,ELR,ABS_LIN_ENC_TOLERANCE
DAT,ELR,ABS_LIN_ENC_DEVIATION
DAT,ELR,EXPECTED_ENCODER_MASK
DAT,ELR,AXIS_ENC_1_STATUS_BITS
DAT,ELR,AXIS_ENC_2_STATUS_BITS
DAT,ELR,AXIS_ENC_3_STATUS_BITS
DAT,ELR,AXIS_ENC_4_STATUS_BITS
DAT,ELR,ENC_LOGGING_PERIOD
DAT,ELR,ENL_ENABLE_CORRECTION
DAT,ELR,ENL_RMS_ENC_1_SHORT
DAT,ELR,ENL_RMS_ENC_2_SHORT
DAT,ELR,ENL_RMS_ENC_3_SHORT
DAT,ELR,ENL_RMS_ENC_4_SHORT
DAT,ELR,ENL_RMS_ENC_1_MED
DAT,ELR,ENL_RMS_ENC_2_MED
DAT,ELR,ENL_RMS_ENC_3_MED
DAT,ELR,ENL_RMS_ENC_4_MED
DAT,ELR,ENL_RMS_ENC_1_LONG
DAT,ELR,ENL_RMS_ENC_2_LONG
DAT,ELR,ENL_RMS_ENC_3_LONG
DAT,ELR,ENL_RMS_ENC_4_LONG
DAT,ELR,ENL_SHORTTERM_SEC
DAT,ELR,ENL_MEDTERM_SEC
DAT,ELR,ENL_LONGTERM_SEC
DAT,ELR,ENL_CORRECTION1
DAT,ELR,ENL_CORRECTION2
DAT,ELR,ENL_CORRECTION3
DAT,ELR,ENL_CORRECTION4
DAT,ELR,ENL_RESERVED1
DAT,ELR,ENL_RESERVED2
DAT,ELR,ENL_RESERVED3
DAT,ELR,ENL_RESERVED4
DAT,ELR,ENL_RESERVED5
DAT,ELR,ENL_RESERVED6
DAT,ELR,ENL_RESERVED7
DAT,ELR,ENL_RESERVED8
DAT,ELR,ENL_RESERVED9
DAT,ELR,ENL_RESERVED10
DAT,ELR,AXIS_HOME_ATTRACT_POSITION
DAT,ELR,AXIS_HOME_REPULSE_POSITION
DAT,ELR,ENCODER_AUTO_RECOVER
DAT,ELR,AXIS_PARK_POSITION
DAT,ELR,START_ENC_LOG
DAT,ELR,HHE_ABS_ENC_COUNTS_PER_REV
DAT,ELR,HHE_ABS_ENC_NEG_FEEDBACK
DAT,ELR,HHE_ABS_ENC_POSITION
DAT,ELR,HHE_ABS_ENC_OFFSET
DAT,ELR,HHE_ABS_ENC_ORIGIN
DAT,ELR,HHE_ABS_ENC_PINION_TEETH
DAT,ELR,HHE_ABS_ENC_SPUR_TEETH
DAT,ELR,HHE_ABS_ENC_TYPE
DAT,ELR,HHE_ABS_ENC_PERIOD
DAT,ELR,HHE_ABS_ENC_STEP
DAT,ELR,HHE_ABS_ENC_TURNS
DAT,ELR,HHE_ABS_ENC_REFDIST
DAT,ELR,HHE_ABS_ENC_CNTDIR
DAT,ELR,HHE_ABS_ENC_ENABLED
DAT,ELR,HHE_ABS_ENC_PORT
DAT,ELR,HHE_TAPE_ENC_1_PORT
DAT,ELR,HHE_TAPE_ENC_3_PORT
DAT,ELR,HHE_MOTOR_1_PORT
DAT,ELR,USE_ERA180_ENCODER
DAT,ELR,INTERRUPT_STUTTER_IGNORE
DAT,ELR,ENL_STATE
DAT,ELR,ENL_AXISREFVEL
DAT,ELR,ENL_BLENDTICKS
DAT,ELR,LIN_ENC_MASK
DAT,ELR,LIN_ENC_ENABLE
DAT,ELR,LIN_ENC_HOME
DAT,ELR,LIN_ENC_RESET
DAT,ELR,LIN_ENC_STATE
DAT,ELR,LIN_ENC_TOLERANCE
DAT,ELR,LIN_ENC_1_PORT
DAT,ELR,LIN_ENC_2_PORT
DAT,ELR,LIN_ENC_3_PORT
DAT,ELR,LIN_ENC_1_STATUS_BITS
DAT,ELR,LIN_ENC_2_STATUS_BITS
DAT,ELR,LIN_ENC_3_STATUS_BITS
DAT,ELR,LIN_ENC_1_STATE
DAT,ELR,LIN_ENC_2_STATE
DAT,ELR,LIN_ENC_3_STATE
DAT,ELR,LIN_ENC_1_COUNT_PER_MM
DAT,ELR,LIN_ENC_2_COUNT_PER_MM
DAT,ELR,LIN_ENC_3_COUNT_PER_MM
DAT,ELR,LIN_ENC_1_OFFSET
DAT,ELR,LIN_ENC_2_OFFSET
DAT,ELR,LIN_ENC_3_OFFSET
DAT,ELR,LIN_ENC_1_ABS_COUNT
DAT,ELR,LIN_ENC_2_ABS_COUNT
DAT,ELR,LIN_ENC_3_ABS_COUNT
DAT,ELR,LIN_ENC_1_ABS_POS
DAT,ELR,LIN_ENC_2_ABS_POS
DAT,ELR,LIN_ENC_3_ABS_POS
DAT,ELR,LIN_ENC_1_REL_COUNT
DAT,ELR,LIN_ENC_2_REL_COUNT
DAT,ELR,LIN_ENC_3_REL_COUNT
DAT,ELR,LIN_ENC_1_REL_POS
DAT,ELR,LIN_ENC_2_REL_POS
DAT,ELR,LIN_ENC_3_REL_POS
DAT,ELR,AXIS_ENC_1_COMPOFF0
DAT,ELR,AXIS_ENC_1_COMPOFF90
DAT,ELR,AXIS_ENC_1_COMPPHASE0
DAT,ELR,AXIS_ENC_1_COMPPHASE90
DAT,ELR,AXIS_ENC_1_COMPSYMM0
DAT,ELR,AXIS_ENC_1_COMPSYMM90
DAT,ELR,AXIS_ENC_1_COMPFLAG1
DAT,ELR,AXIS_ENC_1_COMPFLAG2
DAT,ELR,AXIS_ENC_2_COMPOFF0
DAT,ELR,AXIS_ENC_2_COMPOFF90
DAT,ELR,AXIS_ENC_2_COMPPHASE0
DAT,ELR,AXIS_ENC_2_COMPPHASE90
DAT,ELR,AXIS_ENC_2_COMPSYMM0
DAT,ELR,AXIS_ENC_2_COMPSYMM90
DAT,ELR,AXIS_ENC_2_COMPFLAG1
DAT,ELR,AXIS_ENC_2_COMPFLAG2
DAT,ELR,AXIS_ENC_3_COMPOFF0
DAT,ELR,AXIS_ENC_3_COMPOFF90
DAT,ELR,AXIS_ENC_3_COMPPHASE0
DAT,ELR,AXIS_ENC_3_COMPPHASE90
DAT,ELR,AXIS_ENC_3_COMPSYMM0
DAT,ELR,AXIS_ENC_3_COMPSYMM90
DAT,ELR,AXIS_ENC_3_COMPFLAG1
DAT,ELR,AXIS_ENC_3_COMPFLAG2
DAT,ELR,AXIS_ENC_4_COMPOFF0
DAT,ELR,AXIS_ENC_4_COMPOFF90
DAT,ELR,AXIS_ENC_4_COMPPHASE0
DAT,ELR,AXIS_ENC_4_COMPPHASE90
DAT,ELR,AXIS_ENC_4_COMPSYMM0
DAT,ELR,AXIS_ENC_4_COMPSYMM90
DAT,ELR,AXIS_ENC_4_COMPFLAG1
DAT,ELR,AXIS_ENC_4_COMPFLAG2
DAT,ELR,AXIS_ENC_1_TALLY_SMALL
DAT,ELR,AXIS_ENC_1_TALLY_TOO_HIGH
DAT,ELR,AXIS_ENC_1_TALLY_TOO_SMALL
DAT,ELR,AXIS_ENC_1_TALLY_FREQ
DAT,ELR,AXIS_ENC_2_TALLY_SMALL
DAT,ELR,AXIS_ENC_2_TALLY_TOO_HIGH
DAT,ELR,AXIS_ENC_2_TALLY_TOO_SMALL
DAT,ELR,AXIS_ENC_2_TALLY_FREQ
DAT,ELR,AXIS_ENC_3_TALLY_SMALL
DAT,ELR,AXIS_ENC_3_TALLY_TOO_HIGH
DAT,ELR,AXIS_ENC_3_TALLY_TOO_SMALL
DAT,ELR,AXIS_ENC_3_TALLY_FREQ
DAT,ELR,AXIS_ENC_4_TALLY_SMALL
DAT,ELR,AXIS_ENC_4_TALLY_TOO_HIGH
DAT,ELR,AXIS_ENC_4_TALLY_TOO_SMALL
DAT,ELR,AXIS_ENC_4_TALLY_FREQ
DAT,ELR,AXIS_ENC_1_COMBINED_STATE
DAT,ELR,AXIS_ENC_2_COMBINED_STATE
DAT,ELR,AXIS_ENC_3_COMBINED_STATE
DAT,ELR,AXIS_ENC_4_COMBINED_STATE
DAT,ELR,AGN_PROC_STATE
DAT,ELR,AGN_VERSION
DAT,ELR,AGN_SERVER_SHUTDOWN
DAT,ELR,SERVER_PID
DAT,ELR,NSC_PROC_STATE
DAT,ELR,NSC_APP_VERSION
DAT,ELR,TOP_LEVEL_STATE
DAT,ELR,NSC_NODE_SHUTDOWN_COMMAND
DAT,ELR,NSC_ENABLE
DAT,ELR,NSC_HOME
DAT,ELR,NSC_STOP_DEMAND
DAT,ELR,SAFE_STATE_COMMAND
DAT,ELR,ACTIVATE_COMMAND
DAT,ELR,AXIS_STOPPED
DAT,ELR,NSC_HALT_DEMAND
DAT,ELR,RECOVER_LIMIT
DAT,ELR,USER_REPORTED_STATE
DAT,ELR,HOMED
DAT,ELR,NMC_PROC_STATE
DAT,ELR,NMC_APP_VERSION
DAT,ELR,NMC_SERVER_SHUTDOWN
DAT,ELR,NMC_STATE
DAT,ELR,PRIVATE_AXIS_START_COMMAND
DAT,ELR,PRIVATE_AXIS_STOP_COMMAND
DAT,ELR,PRIVATE_L2_LIMIT_MASK_COMMAND
DAT,ELR,ASC_PROC_STATE
DAT,ELR,ASC_APP_VERSION
DAT,ELR,ASC_SERVER_SHUTDOWN
DAT,ELR,STOP_ENABLE
DAT,ELR,AXIS_STOPPED_MOVING
DAT,ELR,AXIS_STOP_FAILURE
DAT,ELR,INTERRUPT_STUTTER_IGNORE
DAT,ELR,AMC_PROC_STATE
DAT,ELR,AMC_APP_VERSION
DAT,ELR,AMC_SERVER_SHUTDOWN
DAT,ELR,AMC_STATE
DAT,ELR,MOVE_ENABLE
DAT,ELR,AXIS_MOVE_FAILURE
DAT,ELR,MOVE_COMMAND
DAT,ELR,TRACK_COMMAND
DAT,ELR,HALT_COMMAND
DAT,ELR,TARGET_TIME
DAT,ELR,TARGET_TIME_DUMMY
DAT,ELR,TARGET_POSITION
DAT,ELR,WORKING_TARGET_TIME
DAT,ELR,WORKING_TARGET_TIME_DUMMY
DAT,ELR,WORKING_TARGET_POSITION
DAT,ELR,SINUSOID_COMMAND
DAT,ELR,SINUSOID_AMPLITUDE
DAT,ELR,SINUSOID_FREQUENCY
DAT,ELR,AXIS_POSITION_DEMAND
DAT,ELR,SIMULATION_ACTIVE
DAT,ELR,CLOCKWISE_LIMIT_ACTIVE
DAT,ELR,ACW_LIMIT_ACTIVE
DAT,ELR,DISTANCE_TO_CW_LIMIT
DAT,ELR,DISTANCE_TO_ACW_LIMIT
DAT,ELR,RECOVER_COMMAND
DAT,ELR,LIMIT_RECOVERY_DISTANCE
DAT,ELR,PRELOAD_APPLICATION_PERIOD
DAT,ELR,PEAK_TRACKING_ERROR
DAT,ELR,RMS_TRACKING_ERROR
DAT,ELR,AXIS_POSITION
DAT,ELR,PID_P1_GAIN
DAT,ELR,PID_P2_GAIN
DAT,ELR,PID_K1_GAIN
DAT,ELR,INTEGRATOR_WIND_UP_LIMIT
DAT,ELR,INTEGRATOR_LIMIT_REACHED
DAT,ELR,HOMING_VELOCITY
DAT,ELR,MAX_HOMING_DURATION
DAT,ELR,CURRENT_AXIS_VELOCITY
DAT,ELR,ENABLE_MOTION_TESTING
DAT,ELR,MOTION_CONTROL_TEST_MODE
DAT,ELR,START_LOGGING_COMMAND
DAT,ELR,VELOCITY_LIMIT
DAT,ELR,ACCELERATION_LIMIT
DAT,ELR,VELOCITY_CONTROL_DC_GAIN
DAT,ELR,MOTOR_1_VELOCITY
DAT,ELR,MOTOR_2_VELOCITY
DAT,ELR,MOTOR_VELOCITY_SUM
DAT,ELR,MOTOR_VELOCITY_DIFF
DAT,ELR,MTR_VEL_FEEDBACK_FRACTION
DAT,ELR,MTR_VEL_TRQ_CORRECTION
DAT,ELR,SERVO_CTRL_ALGORITHM_TYPE
DAT,ELR,SERVO_CTRL_ALGORITHM_VER
DAT,ELR,INTERRUPT_STUTTER_LIMIT
DAT,ELR,INTERRUPT_STUTTER_IGNORE
DAT,ELR,HNF_MODEL_ID_1
DAT,ELR,HNF_MODEL_ID_2
DAT,ELR,AXIS_VEL_GAIN
DAT,ELR,AXIS_VEL_TRQ_CORRECTION
DAT,ELR,RECOVER_L2_LIMIT
DAT,ELR,RECOVER_L2_VELOCITY
DAT,ELR,RECOVER_L2_DURATION
DAT,ELR,MOVE_RE_ENABLE
DAT,ELR,L1_LIMIT_TOLERANCE
DAT,ELR,PROFILER_TOLERANCE
DAT,ELR,PROFILER_DIFF
DAT,ELR,MAX_PROFILER_DIFF
DAT,ELR,MOVE_LO
DAT,ELR,MOVE_HI
DAT,ELR,MOVE_PARK_POSITION
DAT,ELR,AT_PARK_POSITION
DAT,ELR,NCI_PROC_STATE
DAT,ELR,NCI_VERSION
DAT,ELR,NCI_SERVER_SHUTDOWN
DAT,ELR,TALLY_BASE
DAT,ELR,NCO_PROC_STATE
DAT,ELR,NCO_VERSION
DAT,ELR,NCO_SERVER_SHUTDOWN
DAT,ELR,AES_PROC_STATE
DAT,ELR,AES_SERVER_SHUTDOWN
DAT,ELR,POSITION
DAT,ELR,PINION_TEETH
DAT,ELR,SPUR_TEETH
DAT,ELR,GREY_CODED
DAT,ELR,STATUS
DAT,ELR,TANNENBAUM_FMT
DAT,ELR,MULTITURN_BITS
DAT,ELR,SINGLETURN_BITS
DAT,ELR,SCALE
DAT,ELR,UNITS
DAT,ELR,MULTIPLIER
DAT,ELR,REVS
DAT,ELR,ORIGIN
DAT,ELR,OFFSET
DAT,ELR,TYPE
DAT,ELR,USER_SER_NUM
DAT,ELR,COUNTS_PER_TURN
DAT,ELR,MAX_REVS
DAT,ELR,FACTORY_SER_NUM
DAT,ELR,TOTAL_OP_TIME
DAT,ELR,AES_CLIENT_SHUTDOWN
DAT,ELR,READ_FAULTS
DAT,ELR,AES_AES_VERSION
DAT,ELR,AES_AEI_VERSION
DAT,ELR,OID_PROC_STATE
DAT,ELR,OID_VERSION
DAT,ELR,OID_SERVER_SHUTDOWN
DAT,ELR,ERR_AGENT_GET_VALUE
DAT,ELR,ERR_AGENT_SET_VALUE
DAT,ELR,ERR_AGENT_GET_ATTRIB
DAT,ELR,ERR_AGENT_SET_ATTRIB
DAT,ELR,ERR_AGENT_HEARTBEAT
DAT,ELR,ERR_AGENT_TRACK
DAT,ELR,ERR_AGENT_POLLSAFE
DAT,ELR,ERR_AGENT_POLLACTIVE
DAT,ELR,ERR_AGENT_GENERIC
DAT,CSR,TFP_PROC_STATE
DAT,CSR,TFP_APP_VERSION
DAT,CSR,TFP_SERVER_SHUTDOWN
DAT,CSR,CURRENT_TIME
DAT,CSR,CURRENT_TIME_DUMMY
DAT,CSR,TIME_STATUS
DAT,CSR,TRIGGER_ATTACH
DAT,CSR,TRIGGER_DETACH
DAT,CSR,SYSTEM_TIME
DAT,CSR,SYSTEM_TIME_DUMMY
DAT,CSR,TIMER_PROXY_ATTACH
DAT,CSR,TIMER_PROXY_DETACH
DAT,CSR,PERIODIC_FREQUENCY
DAT,CSR,SIMULATE_FLAG
DAT,CSR,TALLY_TRIGGER
DAT,CSR,TALLY_TIMER
DAT,CSR,MAX_FLYWHEELCOUNT
DAT,CSR,MIF_PROC_STATE
DAT,CSR,MIF_APP_VERSION
DAT,CSR,MIF_SERVER_SHUTDOWN
DAT,CSR,AXIS_TORQUE_DEMAND
DAT,CSR,AXIS_TORQUE_LIMIT
DAT,CSR,MOTOR_FULL_PRELOAD_TORQUE
DAT,CSR,MOTOR_PRELOAD_PERCENTAGE
DAT,CSR,MOTOR_PRELOAD_TORQUE
DAT,CSR,AMPLIFIER_GAIN
DAT,CSR,MOTOR_GAIN
DAT,CSR,DAC_GAIN
DAT,CSR,DAC_OFFSET
DAT,CSR,CLAMPED_AXIS_TORQUE_DEMAND
DAT,CSR,CLAMPED_MOTOR_1_TORQUE_DEMAND
DAT,CSR,CLAMPED_MOTOR_2_TORQUE_DEMAND
DAT,CSR,UNFILTERED_MOTOR_1_DAC_BITS
DAT,CSR,UNFILTERED_MOTOR_2_DAC_BITS
DAT,CSR,FILTERED_MOTOR_1_DAC_BITS
DAT,CSR,FILTERED_MOTOR_2_DAC_BITS
DAT,CSR,DIGITAL_INPUT_BITS
DAT,CSR,DIGITAL_OUTPUT_BITS
DAT,CSR,PLC_INTERLOCK_STATUS
DAT,CSR,L2_LIMIT_STATUS
DAT,CSR,MOTOR_1_MEASURED_CURRENT
DAT,CSR,MOTOR_2_MEASURED_CURRENT
DAT,CSR,MOTOR_1_MEASURED_TORQUE
DAT,CSR,MOTOR_2_MEASURED_TORQUE
DAT,CSR,BRAKE_RELEASE_ENABLE
DAT,CSR,BRAKE_STATUS_ON
DAT,CSR,DRIVE_ENABLE
DAT,CSR,DRIVE_ENABLE_STATUS_ON
DAT,CSR,MOTOR_1_DEMAND_CURRENT
DAT,CSR,MOTOR_2_DEMAND_CURRENT
DAT,CSR,WATCHDOG_OUTPUT_ENABLE
DAT,CSR,SIM_AXIS_POSN_LSWORD
DAT,CSR,SIM_AXIS_POSN_MSWORD
DAT,CSR,SIM_MOT1_POSN_LSWORD
DAT,CSR,SIM_MOT1_POSN_MSWORD
DAT,CSR,SIM_MOT2_POSN_LSWORD
DAT,CSR,SIM_MOT2_POSN_MSWORD
DAT,CSR,AXIS_TORQUE_CLAMP_FLAG
DAT,CSR,MOT1_TORQUE_CLAMP_FLAG
DAT,CSR,MOT2_TORQUE_CLAMP_FLAG
DAT,CSR,MOTOR_TORQUE_CORRECTION
DAT,CSR,MOTOR_TORQUE_MAX_LIMIT
DAT,CSR,MOTOR_TORQUE_MIN_LIMIT
DAT,CSR,DAC_SMOOTHING_FILTER_ENABLE
