DAT,SPT,HYD_SCV_LVL_VAL
DAT,SPT,HYD_OIL_TEMP
DAT,SPT,HYD_OIL_TEMP_VAL
DAT,SPT,HYD_TRY_LVL
DAT,SPT,HYD_TRY_LVL_VAL
DAT,SPT,IT_HUMD
DAT,SPT,IT_HUMD_VAL
DAT,SPT,IT_RM_TEMP
DAT,SPT,IT_RM_TEMP_VAL
DAT,SPT,IT_TEMP
DAT,SPT,IT_TEMP_VAL
DAT,SPT,MCO_PRES
DAT,SPT,MCO_PRES_VAL
DAT,SPT,PMC_PRES
DAT,SPT,PMC_PRES_VAL
DAT,SPT,PRM_TEMP
DAT,SPT,PRM_TEMP_VAL
DAT,SPT,AZM_M1
DAT,SPT,AZM_M2
DAT,SPT,ALT_M1
DAT,SPT,ALT_M2
DAT,SPT,CAS_M1
DAT,SPT,CAS_M2
DAT,SPT,PRM_FAN
DAT,SPT,AIR_COMP
DAT,SPT,HYD_PMP
DAT,SPT,HYD_CHL_PMP
DAT,SPT,HYD_CHL
DAT,SPT,HYD_PSCV
DAT,SPT,HYD_SCV_PMP
DAT,SPT,HYD_AZM_GB
DAT,SPT,HYD_AZM_LB
DAT,SPT,HYD_ALT_GB
DAT,SPT,HYD_ALT_LB
DAT,SPT,MCO
DAT,SPT,MCO_OPS_A
DAT,SPT,MCO_OPS_B
DAT,SPT,SPLC_STATUS
DAT,SPT,SPLC_VER_STATUS
DAT,SPT,SPLC_VER_NUMBER
DAT,SPT,DNET_MASTER_ERROR
DAT,SPT,DNET_NODE_2_ERR
DAT,SPT,DNET_NODE_3_ERR
DAT,SPT,DNET_NODE_5_ERR
DAT,SPT,DNET_NODE_7_ERR
DAT,SPT,DNET_NODE_10_ERR
DAT,SPT,DNET_NODE_11_ERR
DAT,SPT,DNET_NODE_16_ERR
DAT,SPT,DNET_NODE_21_ERR
DAT,SPT,DNET_NODE_24_ERR
DAT,SPT,DNET_NODE_28_ERR
DAT,SPT,DNET_NODE_35_ERR
DAT,SPT,DNET_NODE_36_ERR
DAT,SPT,DNET_NODE_37_ERR
DAT,SPT,DNET_NODE_X1_ERR
DAT,SPT,DNET_NODE_X2_ERR
DAT,SPT,DNET_NODE_X3_ERR
DAT,SPT,DNET_NODE_X4_ERR
DAT,SPT,DNET_NODE_X5_ERR
DAT,SPT,DNET_NODE_X6_ERR
DAT,SPT,AZM_OIL_STATUS
DAT,SPT,ALT_OIL_STATUS
DAT,SPT,L2_LIMIT
DAT,SPT,L3_LIMIT
DAT,SPT,AZM_PRESS_OOR
DAT,SPT,ALT_PRESS_OOR
DAT,SPT,AZM_TRAP_KEY_CA
DAT,SPT,AZM_TRAP_KEY_FA
DAT,SPT,ALT_TRAP_KEY_DA
DAT,SPT,ALT_TRAP_KEY_GA
DAT,SPT,CAS_TRAP_KEY_EA
DAT,SPT,CAS_TRAP_KEY_HA
DAT,SPT,TRAP_KEY_ERROR
DAT,SPT,AZM_FLOW_OOR
DAT,SPT,ALT_FLOW_OOR
DAT,SPT,TH_Z1_CUR_LOW
DAT,SPT,TH_Z2_CUR_LOW
DAT,SPT,TH_Z3_CUR_LOW
DAT,SPT,HTG_Z1_SPLY
DAT,SPT,HTG_Z2_SPLY
