DAT,WMS,READING_VPR
DAT,WMS,OUTOFRANGE_VPR
DAT,WMS,RANGELO_VPR
DAT,WMS,RANGEHI_VPR
DAT,WMS,RANGEPC_VPR
DAT,WMS,NOUTOFRANGE_VPR
DAT,WMS,SEVCRIT_VPR
DAT,WMS,USEREADING_VPR
DAT,WMS,LOCAL_VPR
DAT,WMS,SUMMARY_VPR
DAT,WMS,READING_DSWE
DAT,WMS,OUTOFRANGE_DSWE
DAT,WMS,RANGELO_DSWE
DAT,WMS,RANGEHI_DSWE
DAT,WMS,RANGEPC_DSWE
DAT,WMS,NOUTOFRANGE_DSWE
DAT,WMS,SEVCRIT_DSWE
DAT,WMS,USEREADING_DSWE
DAT,WMS,LOCAL_DSWE
DAT,WMS,SUMMARY_DSWE
DAT,WMS,READING_VWE
DAT,WMS,OUTOFRANGE_VWE
DAT,WMS,RANGELO_VWE
DAT,WMS,RANGEHI_VWE
DAT,WMS,RANGEPC_VWE
DAT,WMS,NOUTOFRANGE_VWE
DAT,WMS,SEVCRIT_VWE
DAT,WMS,USEREADING_VWE
DAT,WMS,LOCAL_VWE
DAT,WMS,SUMMARY_VWE
DAT,WMS,READING_VPY
DAT,WMS,OUTOFRANGE_VPY
DAT,WMS,RANGELO_VPY
DAT,WMS,RANGEHI_VPY
DAT,WMS,RANGEPC_VPY
DAT,WMS,NOUTOFRANGE_VPY
DAT,WMS,SEVCRIT_VPY
DAT,WMS,USEREADING_VPY
DAT,WMS,LOCAL_VPY
DAT,WMS,SUMMARY_VPY
DAT,WMS,READING_UIN
DAT,WMS,OUTOFRANGE_UIN
DAT,WMS,RANGELO_UIN
DAT,WMS,RANGEHI_UIN
DAT,WMS,RANGEPC_UIN
DAT,WMS,NOUTOFRANGE_UIN
DAT,WMS,SEVCRIT_UIN
DAT,WMS,USEREADING_UIN
DAT,WMS,LOCAL_UIN
DAT,WMS,SUMMARY_UIN
DAT,WMS,READING_IR
DAT,WMS,OUTOFRANGE_IR
DAT,WMS,RANGELO_IR
DAT,WMS,RANGEHI_IR
DAT,WMS,RANGEPC_IR
DAT,WMS,NOUTOFRANGE_IR
DAT,WMS,SEVCRIT_IR
DAT,WMS,USEREADING_IR
DAT,WMS,LOCAL_IR
DAT,WMS,SUMMARY_IR
DAT,WMS,READING_TIN
DAT,WMS,OUTOFRANGE_TIN
DAT,WMS,RANGELO_TIN
DAT,WMS,RANGEHI_TIN
DAT,WMS,RANGEPC_TIN
DAT,WMS,NOUTOFRANGE_TIN
DAT,WMS,SEVCRIT_TIN
DAT,WMS,USEREADING_TIN
DAT,WMS,LOCAL_TIN
DAT,WMS,SUMMARY_TIN
DAT,WMS,READING_RT
DAT,WMS,OUTOFRANGE_RT
DAT,WMS,RANGELO_RT
DAT,WMS,RANGEHI_RT
DAT,WMS,RANGEPC_RT
DAT,WMS,NOUTOFRANGE_RT
DAT,WMS,SEVCRIT_RT
DAT,WMS,USEREADING_RT
DAT,WMS,LOCAL_RT
DAT,WMS,SUMMARY_RT
