DAT,NDR,LIN_ENC_HOME
DAT,NDR,LIN_ENC_RESET
DAT,NDR,LIN_ENC_STATE
DAT,NDR,LIN_ENC_TOLERANCE
DAT,NDR,LIN_ENC_1_PORT
DAT,NDR,LIN_ENC_2_PORT
DAT,NDR,LIN_ENC_3_PORT
DAT,NDR,LIN_ENC_1_STATUS_BITS
DAT,NDR,LIN_ENC_2_STATUS_BITS
DAT,NDR,LIN_ENC_3_STATUS_BITS
DAT,NDR,LIN_ENC_1_STATE
DAT,NDR,LIN_ENC_2_STATE
DAT,NDR,LIN_ENC_3_STATE
DAT,NDR,LIN_ENC_1_COUNT_PER_MM
DAT,NDR,LIN_ENC_2_COUNT_PER_MM
DAT,NDR,LIN_ENC_3_COUNT_PER_MM
DAT,NDR,LIN_ENC_1_OFFSET
DAT,NDR,LIN_ENC_2_OFFSET
DAT,NDR,LIN_ENC_3_OFFSET
DAT,NDR,LIN_ENC_1_ABS_COUNT
DAT,NDR,LIN_ENC_2_ABS_COUNT
DAT,NDR,LIN_ENC_3_ABS_COUNT
DAT,NDR,LIN_ENC_1_ABS_POS
DAT,NDR,LIN_ENC_2_ABS_POS
DAT,NDR,LIN_ENC_3_ABS_POS
DAT,NDR,LIN_ENC_1_REL_COUNT
DAT,NDR,LIN_ENC_2_REL_COUNT
DAT,NDR,LIN_ENC_3_REL_COUNT
DAT,NDR,LIN_ENC_1_REL_POS
DAT,NDR,LIN_ENC_2_REL_POS
DAT,NDR,LIN_ENC_3_REL_POS
DAT,NDR,AXIS_ENC_1_COMPOFF0
DAT,NDR,AXIS_ENC_1_COMPOFF90
DAT,NDR,AXIS_ENC_1_COMPPHASE0
DAT,NDR,AXIS_ENC_1_COMPPHASE90
DAT,NDR,AXIS_ENC_1_COMPSYMM0
DAT,NDR,AXIS_ENC_1_COMPSYMM90
DAT,NDR,AXIS_ENC_1_COMPFLAG1
DAT,NDR,AXIS_ENC_1_COMPFLAG2
DAT,NDR,AXIS_ENC_2_COMPOFF0
DAT,NDR,AXIS_ENC_2_COMPOFF90
DAT,NDR,AXIS_ENC_2_COMPPHASE0
DAT,NDR,AXIS_ENC_2_COMPPHASE90
DAT,NDR,AXIS_ENC_2_COMPSYMM0
DAT,NDR,AXIS_ENC_2_COMPSYMM90
DAT,NDR,AXIS_ENC_2_COMPFLAG1
DAT,NDR,AXIS_ENC_2_COMPFLAG2
DAT,NDR,AXIS_ENC_3_COMPOFF0
DAT,NDR,AXIS_ENC_3_COMPOFF90
DAT,NDR,AXIS_ENC_3_COMPPHASE0
DAT,NDR,AXIS_ENC_3_COMPPHASE90
DAT,NDR,AXIS_ENC_3_COMPSYMM0
DAT,NDR,AXIS_ENC_3_COMPSYMM90
DAT,NDR,AXIS_ENC_3_COMPFLAG1
DAT,NDR,AXIS_ENC_3_COMPFLAG2
DAT,NDR,AXIS_ENC_4_COMPOFF0
DAT,NDR,AXIS_ENC_4_COMPOFF90
DAT,NDR,AXIS_ENC_4_COMPPHASE0
DAT,NDR,AXIS_ENC_4_COMPPHASE90
DAT,NDR,AXIS_ENC_4_COMPSYMM0
DAT,NDR,AXIS_ENC_4_COMPSYMM90
DAT,NDR,AXIS_ENC_4_COMPFLAG1
DAT,NDR,AXIS_ENC_4_COMPFLAG2
DAT,NDR,AXIS_ENC_1_TALLY_SMALL
DAT,NDR,AXIS_ENC_1_TALLY_TOO_HIGH
DAT,NDR,AXIS_ENC_1_TALLY_TOO_SMALL
DAT,NDR,AXIS_ENC_1_TALLY_FREQ
DAT,NDR,AXIS_ENC_2_TALLY_SMALL
DAT,NDR,AXIS_ENC_2_TALLY_TOO_HIGH
DAT,NDR,AXIS_ENC_2_TALLY_TOO_SMALL
DAT,NDR,AXIS_ENC_2_TALLY_FREQ
DAT,NDR,AXIS_ENC_3_TALLY_SMALL
DAT,NDR,AXIS_ENC_3_TALLY_TOO_HIGH
DAT,NDR,AXIS_ENC_3_TALLY_TOO_SMALL
DAT,NDR,AXIS_ENC_3_TALLY_FREQ
DAT,NDR,AXIS_ENC_4_TALLY_SMALL
DAT,NDR,AXIS_ENC_4_TALLY_TOO_HIGH
DAT,NDR,AXIS_ENC_4_TALLY_TOO_SMALL
DAT,NDR,AXIS_ENC_4_TALLY_FREQ
DAT,NDR,AXIS_ENC_1_COMBINED_STATE
