DAT, OMR, ALT_COMP_COEF
DAT, OMR, ALT_COMP_ZEROPT
DAT, OMR, ALT_COMP_OFFSET
DAT, OMR, ALT_COMP_THRESHOLD
DAT, OMR, TEMP_COMP_OPERATIONAL
DAT, OMR, ALT_COMP_OPERATIONAL
DAT, OMR, SMF_ERROR
DAT, OMR, SMF_NOMINAL_FOCUS
DAT, OMR, SMF_LIN_ENC_START_POS
DAT, OMR, SMF_LIN_ENC_END_POS
DAT, OMR, SMF_AT_NOMINAL_FOCUS
DAT, OMR, SMF_AT_LIN_ENC_START
DAT, OMR, SMF_AT_LIN_ENC_END
DAT, OMR, SMF_MOVE_NOMINAL
DAT, OMR, SMF_MOVE_LIN_ENC_START
DAT, OMR, SMF_MOVE_LIN_ENC_END
DAT, OMR, SMF_POSITION_OFFSET
DAT, OMR, SMF_POSITION_SCALAR
DAT, OMR, SMF_ULYNX_DEMAND
DAT, OMR, SMF_ULYNX_ACTUAL
DAT, OMR, SMF_POS_TOLERANCE
DAT, OMR, SMF_ULYNX_ERROR
DAT, OMR, SMF_AT_LO
DAT, OMR, SMF_AT_HI
DAT, OMR, SMF_MOVE_LO
DAT, OMR, SMF_MOVE_HI
DAT, OMR, OID_PROC_STATE
DAT, OMR, OID_VERSION
DAT, OMR, OID_SERVER_SHUTDOWN
DAT, OMR, ERR_AGENT_GET_VALUE
DAT, OMR, ERR_AGENT_SET_VALUE
DAT, OMR, ERR_AGENT_GET_ATTRIB
DAT, OMR, ERR_AGENT_SET_ATTRIB
DAT, OMR, ERR_AGENT_HEARTBEAT
DAT, OMR, ERR_AGENT_TRACK
DAT, OMR, ERR_AGENT_POLLSAFE
DAT, OMR, ERR_AGENT_POLLACTIVE
DAT, OMR, ERR_AGENT_GENERIC
DAT, OMR, AMS_PROC_STATE
DAT, OMR, AMS_APP_VERSION
DAT, OMR, AMS_STATE
DAT, OMR, AMS_SHUTDOWN
DAT, OMR, AMS_ENABLE
DAT, OMR, AMS_HOME
DAT, OMR, AMS_STOP_DEMAND
DAT, OMR, SAFE_STATE
DAT, OMR, ACTIVATE
DAT, OMR, STOPPED_STATUS
DAT, OMR, AMS_HALT_DEMAND
DAT, OMR, ENDCLIENT_STATE_CAN
DAT, OMR, ENDCLIENT_STATE_AGD
DAT, OMR, ENDCLIENT_STATE_AGF
DAT, OMR, ENDCLIENT_STATE_SFD
DAT, OMR, ENDCLIENT_STATE_SFP
DAT, OMR, ENDCLIENT_STATE_SMF
DAT, OMR, ENDCLIENT_STATE_MBS
DAT, OMR, MBS_PROC_STATE
DAT, OMR, MBS_APP_VERSION
DAT, OMR, MBS_SHUTDOWN
DAT, OMR, SIMULATE_HW
DAT, OMR, TTM1
DAT, OMR, TTM2
DAT, OMR, TTM3
DAT, OMR, TTM4
DAT, OMR, TTM1_ENABLED
DAT, OMR, TTM2_ENABLED
DAT, OMR, TTM3_ENABLED
DAT, OMR, TTM4_ENABLED
DAT, OMR, TTM_MEAN
DAT, OMR, TTM_MEAN_ENABLED
DAT, OMR, PMT1
DAT, OMR, PMT2
DAT, OMR, PMT1_ENABLED
DAT, OMR, PMT2_ENABLED
DAT, OMR, PMT_MEAN
DAT, OMR, PMT_MEAN_ENABLED
DAT, OMR, SMT1
DAT, OMR, SMT2
DAT, OMR, SMT1_ENABLED
DAT, OMR, SMT2_ENABLED
