DAT,AZR,ENL_LONGTERM_SEC
DAT,AZR,ENL_CORRECTION1
DAT,AZR,ENL_CORRECTION2
DAT,AZR,ENL_CORRECTION3
DAT,AZR,ENL_CORRECTION4
DAT,AZR,ENL_RESERVED1
DAT,AZR,ENL_RESERVED2
DAT,AZR,ENL_RESERVED3
DAT,AZR,ENL_RESERVED4
DAT,AZR,ENL_RESERVED5
DAT,AZR,ENL_RESERVED6
DAT,AZR,ENL_RESERVED7
DAT,AZR,ENL_RESERVED8
DAT,AZR,ENL_RESERVED9
DAT,AZR,ENL_RESERVED10
DAT,AZR,AXIS_HOME_ATTRACT_POSITION
DAT,AZR,AXIS_HOME_REPULSE_POSITION
DAT,AZR,ENCODER_AUTO_RECOVER
DAT,AZR,AXIS_PARK_POSITION
DAT,AZR,START_ENC_LOG
DAT,AZR,HHE_ABS_ENC_COUNTS_PER_REV
DAT,AZR,HHE_ABS_ENC_NEG_FEEDBACK
DAT,AZR,HHE_ABS_ENC_POSITION
DAT,AZR,HHE_ABS_ENC_OFFSET
DAT,AZR,HHE_ABS_ENC_ORIGIN
DAT,AZR,HHE_ABS_ENC_PINION_TEETH
DAT,AZR,HHE_ABS_ENC_SPUR_TEETH
DAT,AZR,HHE_ABS_ENC_TYPE
DAT,AZR,HHE_ABS_ENC_PERIOD
DAT,AZR,HHE_ABS_ENC_STEP
DAT,AZR,HHE_ABS_ENC_TURNS
DAT,AZR,HHE_ABS_ENC_REFDIST
DAT,AZR,HHE_ABS_ENC_CNTDIR
DAT,AZR,HHE_ABS_ENC_ENABLED
DAT,AZR,HHE_ABS_ENC_PORT
DAT,AZR,HHE_TAPE_ENC_1_PORT
DAT,AZR,HHE_TAPE_ENC_3_PORT
DAT,AZR,HHE_MOTOR_1_PORT
DAT,AZR,USE_ERA180_ENCODER
DAT,AZR,INTERRUPT_STUTTER_IGNORE
DAT,AZR,ENL_STATE
DAT,AZR,ENL_AXISREFVEL
DAT,AZR,ENL_BLENDTICKS
DAT,AZR,LIN_ENC_MASK
DAT,AZR,LIN_ENC_ENABLE
DAT,AZR,LIN_ENC_HOME
DAT,AZR,LIN_ENC_RESET
DAT,AZR,LIN_ENC_STATE
DAT,AZR,LIN_ENC_TOLERANCE
DAT,AZR,LIN_ENC_1_PORT
DAT,AZR,LIN_ENC_2_PORT
DAT,AZR,LIN_ENC_3_PORT
DAT,AZR,LIN_ENC_1_STATUS_BITS
DAT,AZR,LIN_ENC_2_STATUS_BITS
DAT,AZR,LIN_ENC_3_STATUS_BITS
DAT,AZR,LIN_ENC_1_STATE
DAT,AZR,LIN_ENC_2_STATE
DAT,AZR,LIN_ENC_3_STATE
DAT,AZR,LIN_ENC_1_COUNT_PER_MM
DAT,AZR,LIN_ENC_2_COUNT_PER_MM
DAT,AZR,LIN_ENC_3_COUNT_PER_MM
DAT,AZR,LIN_ENC_1_OFFSET
DAT,AZR,LIN_ENC_2_OFFSET
DAT,AZR,LIN_ENC_3_OFFSET
DAT,AZR,LIN_ENC_1_ABS_COUNT
DAT,AZR,LIN_ENC_2_ABS_COUNT
DAT,AZR,LIN_ENC_3_ABS_COUNT
DAT,AZR,LIN_ENC_1_ABS_POS
DAT,AZR,LIN_ENC_2_ABS_POS
DAT,AZR,LIN_ENC_3_ABS_POS
DAT,AZR,LIN_ENC_1_REL_COUNT
DAT,AZR,LIN_ENC_2_REL_COUNT
DAT,AZR,LIN_ENC_3_REL_COUNT
DAT,AZR,LIN_ENC_1_REL_POS
DAT,AZR,LIN_ENC_2_REL_POS
DAT,AZR,LIN_ENC_3_REL_POS
DAT,AZR,AXIS_ENC_1_COMPOFF0
DAT,AZR,AXIS_ENC_1_COMPOFF90
DAT,AZR,AXIS_ENC_1_COMPPHASE0
DAT,AZR,AXIS_ENC_1_COMPPHASE90
DAT,AZR,AXIS_ENC_1_COMPSYMM0
DAT,AZR,AXIS_ENC_1_COMPSYMM90
DAT,AZR,AXIS_ENC_1_COMPFLAG1
DAT,AZR,AXIS_ENC_1_COMPFLAG2
DAT,AZR,AXIS_ENC_2_COMPOFF0
DAT,AZR,AXIS_ENC_2_COMPOFF90
DAT,AZR,AXIS_ENC_2_COMPPHASE0
DAT,AZR,AXIS_ENC_2_COMPPHASE90
DAT,AZR,AXIS_ENC_2_COMPSYMM0
DAT,AZR,AXIS_ENC_2_COMPSYMM90
DAT,AZR,AXIS_ENC_2_COMPFLAG1
DAT,AZR,AXIS_ENC_2_COMPFLAG2
DAT,AZR,AXIS_ENC_3_COMPOFF0
DAT,AZR,AXIS_ENC_3_COMPOFF90
DAT,AZR,AXIS_ENC_3_COMPPHASE0
DAT,AZR,AXIS_ENC_3_COMPPHASE90
DAT,AZR,AXIS_ENC_3_COMPSYMM0
DAT,AZR,AXIS_ENC_3_COMPSYMM90
DAT,AZR,AXIS_ENC_3_COMPFLAG1
DAT,AZR,AXIS_ENC_3_COMPFLAG2
DAT,AZR,AXIS_ENC_4_COMPOFF0
DAT,AZR,AXIS_ENC_4_COMPOFF90
DAT,AZR,AXIS_ENC_4_COMPPHASE0
DAT,AZR,AXIS_ENC_4_COMPPHASE90
DAT,AZR,AXIS_ENC_4_COMPSYMM0
DAT,AZR,AXIS_ENC_4_COMPSYMM90
DAT,AZR,AXIS_ENC_4_COMPFLAG1
DAT,AZR,AXIS_ENC_4_COMPFLAG2
DAT,AZR,AXIS_ENC_1_TALLY_SMALL
DAT,AZR,AXIS_ENC_1_TALLY_TOO_HIGH
DAT,AZR,AXIS_ENC_1_TALLY_TOO_SMALL
DAT,AZR,AXIS_ENC_1_TALLY_FREQ
DAT,AZR,AXIS_ENC_2_TALLY_SMALL
DAT,AZR,AXIS_ENC_2_TALLY_TOO_HIGH
DAT,AZR,AXIS_ENC_2_TALLY_TOO_SMALL
DAT,AZR,AXIS_ENC_2_TALLY_FREQ
DAT,AZR,AXIS_ENC_3_TALLY_SMALL
DAT,AZR,AXIS_ENC_3_TALLY_TOO_HIGH
DAT,AZR,AXIS_ENC_3_TALLY_TOO_SMALL
DAT,AZR,AXIS_ENC_3_TALLY_FREQ
DAT,AZR,AXIS_ENC_4_TALLY_SMALL
DAT,AZR,AXIS_ENC_4_TALLY_TOO_HIGH
DAT,AZR,AXIS_ENC_4_TALLY_TOO_SMALL
DAT,AZR,AXIS_ENC_4_TALLY_FREQ
DAT,AZR,AXIS_ENC_1_COMBINED_STATE
DAT,AZR,AXIS_ENC_2_COMBINED_STATE
DAT,AZR,AXIS_ENC_3_COMBINED_STATE
DAT,AZR,AXIS_ENC_4_COMBINED_STATE
DAT,AZR,AGN_PROC_STATE
DAT,AZR,AGN_VERSION
DAT,AZR,AGN_SERVER_SHUTDOWN
DAT,AZR,SERVER_PID
DAT,AZR,NSC_PROC_STATE
DAT,AZR,NSC_APP_VERSION
DAT,AZR,TOP_LEVEL_STATE
DAT,AZR,NSC_NODE_SHUTDOWN_COMMAND
DAT,AZR,NSC_ENABLE
DAT,AZR,NSC_HOME
DAT,AZR,NSC_STOP_DEMAND
DAT,AZR,SAFE_STATE_COMMAND
DAT,AZR,ACTIVATE_COMMAND
DAT,AZR,AXIS_STOPPED
DAT,AZR,NSC_HALT_DEMAND
DAT,AZR,RECOVER_LIMIT
DAT,AZR,USER_REPORTED_STATE
DAT,AZR,HOMED
DAT,AZR,NMC_PROC_STATE
DAT,AZR,NMC_APP_VERSION
DAT,AZR,NMC_SERVER_SHUTDOWN
DAT,AZR,NMC_STATE
DAT,AZR,PRIVATE_AXIS_START_COMMAND
DAT,AZR,PRIVATE_AXIS_STOP_COMMAND
DAT,AZR,PRIVATE_L2_LIMIT_MASK_COMMAND
DAT,AZR,ASC_PROC_STATE
DAT,AZR,ASC_APP_VERSION
DAT,AZR,ASC_SERVER_SHUTDOWN
DAT,AZR,STOP_ENABLE
DAT,AZR,AXIS_STOPPED_MOVING
DAT,AZR,AXIS_STOP_FAILURE
DAT,AZR,INTERRUPT_STUTTER_IGNORE
DAT,AZR,AMC_PROC_STATE
DAT,AZR,AMC_APP_VERSION
DAT,AZR,AMC_SERVER_SHUTDOWN
DAT,AZR,AMC_STATE
DAT,AZR,MOVE_ENABLE
DAT,AZR,AXIS_MOVE_FAILURE
DAT,AZR,MOVE_COMMAND
DAT,AZR,TRACK_COMMAND
DAT,AZR,HALT_COMMAND
DAT,AZR,TARGET_TIME
DAT,AZR,TARGET_TIME_DUMMY
DAT,AZR,TARGET_POSITION
DAT,AZR,WORKING_TARGET_TIME
DAT,AZR,WORKING_TARGET_TIME_DUMMY
DAT,AZR,WORKING_TARGET_POSITION
DAT,AZR,SINUSOID_COMMAND
DAT,AZR,SINUSOID_AMPLITUDE
DAT,AZR,SINUSOID_FREQUENCY
DAT,AZR,AXIS_POSITION_DEMAND
DAT,AZR,SIMULATION_ACTIVE
DAT,AZR,CLOCKWISE_LIMIT_ACTIVE
DAT,AZR,ACW_LIMIT_ACTIVE
DAT,AZR,DISTANCE_TO_CW_LIMIT
DAT,AZR,DISTANCE_TO_ACW_LIMIT
DAT,AZR,RECOVER_COMMAND
DAT,AZR,LIMIT_RECOVERY_DISTANCE
DAT,AZR,PRELOAD_APPLICATION_PERIOD
DAT,AZR,PEAK_TRACKING_ERROR
DAT,AZR,RMS_TRACKING_ERROR
DAT,AZR,AXIS_POSITION
DAT,AZR,PID_P1_GAIN
DAT,AZR,PID_P2_GAIN
DAT,AZR,PID_K1_GAIN
DAT,AZR,INTEGRATOR_WIND_UP_LIMIT
DAT,AZR,INTEGRATOR_LIMIT_REACHED
DAT,AZR,HOMING_VELOCITY
DAT,AZR,MAX_HOMING_DURATION
DAT,AZR,CURRENT_AXIS_VELOCITY
DAT,AZR,ENABLE_MOTION_TESTING
DAT,AZR,MOTION_CONTROL_TEST_MODE
DAT,AZR,START_LOGGING_COMMAND
DAT,AZR,VELOCITY_LIMIT
DAT,AZR,ACCELERATION_LIMIT
DAT,AZR,VELOCITY_CONTROL_DC_GAIN
DAT,AZR,MOTOR_1_VELOCITY
DAT,AZR,MOTOR_2_VELOCITY
DAT,AZR,MOTOR_VELOCITY_SUM
DAT,AZR,MOTOR_VELOCITY_DIFF
DAT,AZR,MTR_VEL_FEEDBACK_FRACTION
DAT,AZR,MTR_VEL_TRQ_CORRECTION
DAT,AZR,SERVO_CTRL_ALGORITHM_TYPE
DAT,AZR,SERVO_CTRL_ALGORITHM_VER
DAT,AZR,INTERRUPT_STUTTER_LIMIT
DAT,AZR,INTERRUPT_STUTTER_IGNORE
DAT,AZR,HNF_MODEL_ID_1
DAT,AZR,HNF_MODEL_ID_2
DAT,AZR,AXIS_VEL_GAIN
DAT,AZR,AXIS_VEL_TRQ_CORRECTION
DAT,AZR,RECOVER_L2_LIMIT
DAT,AZR,RECOVER_L2_VELOCITY
DAT,AZR,RECOVER_L2_DURATION
DAT,AZR,MOVE_RE_ENABLE
DAT,AZR,L1_LIMIT_TOLERANCE
DAT,AZR,PROFILER_TOLERANCE
DAT,AZR,PROFILER_DIFF
DAT,AZR,MAX_PROFILER_DIFF
DAT,AZR,MOVE_LO
DAT,AZR,MOVE_HI
DAT,AZR,MOVE_PARK_POSITION
DAT,AZR,AT_PARK_POSITION
DAT,AZR,NCI_PROC_STATE
DAT,AZR,NCI_VERSION
DAT,AZR,NCI_SERVER_SHUTDOWN
DAT,AZR,TALLY_BASE
DAT,AZR,NCO_PROC_STATE
DAT,AZR,NCO_VERSION
DAT,AZR,NCO_SERVER_SHUTDOWN
DAT,AZR,AES_PROC_STATE
DAT,AZR,AES_SERVER_SHUTDOWN
DAT,AZR,POSITION
DAT,AZR,PINION_TEETH
DAT,AZR,SPUR_TEETH
DAT,AZR,GREY_CODED
DAT,AZR,STATUS
DAT,AZR,TANNENBAUM_FMT
DAT,AZR,MULTITURN_BITS
DAT,AZR,SINGLETURN_BITS
DAT,AZR,SCALE
DAT,AZR,UNITS
DAT,AZR,MULTIPLIER
DAT,AZR,REVS
DAT,AZR,ORIGIN
DAT,AZR,OFFSET
DAT,AZR,TYPE
DAT,AZR,USER_SER_NUM
DAT,AZR,COUNTS_PER_TURN
DAT,AZR,MAX_REVS
DAT,AZR,FACTORY_SER_NUM
DAT,AZR,TOTAL_OP_TIME
DAT,AZR,AES_CLIENT_SHUTDOWN
DAT,AZR,READ_FAULTS
DAT,AZR,AES_AES_VERSION
DAT,AZR,AES_AEI_VERSION
DAT,AZR,OID_PROC_STATE
DAT,AZR,OID_VERSION
DAT,AZR,OID_SERVER_SHUTDOWN
DAT,AZR,ERR_AGENT_GET_VALUE
DAT,AZR,ERR_AGENT_SET_VALUE
DAT,AZR,ERR_AGENT_GET_ATTRIB
DAT,AZR,ERR_AGENT_SET_ATTRIB
DAT,AZR,ERR_AGENT_HEARTBEAT
DAT,AZR,ERR_AGENT_TRACK
DAT,AZR,ERR_AGENT_POLLSAFE
DAT,AZR,ERR_AGENT_POLLACTIVE
DAT,AZR,ERR_AGENT_GENERIC
DAT,ELR,TFP_PROC_STATE
DAT,ELR,TFP_APP_VERSION
DAT,ELR,TFP_SERVER_SHUTDOWN
DAT,ELR,CURRENT_TIME
DAT,ELR,CURRENT_TIME_DUMMY
DAT,ELR,TIME_STATUS
DAT,ELR,TRIGGER_ATTACH
DAT,ELR,TRIGGER_DETACH
DAT,ELR,SYSTEM_TIME
DAT,ELR,SYSTEM_TIME_DUMMY
DAT,ELR,TIMER_PROXY_ATTACH
DAT,ELR,TIMER_PROXY_DETACH
DAT,ELR,PERIODIC_FREQUENCY
DAT,ELR,SIMULATE_FLAG
DAT,ELR,TALLY_TRIGGER
DAT,ELR,TALLY_TIMER
DAT,ELR,MAX_FLYWHEELCOUNT
DAT,ELR,MIF_PROC_STATE
DAT,ELR,MIF_APP_VERSION
DAT,ELR,MIF_SERVER_SHUTDOWN
DAT,ELR,AXIS_TORQUE_DEMAND
DAT,ELR,AXIS_TORQUE_LIMIT
DAT,ELR,MOTOR_FULL_PRELOAD_TORQUE
DAT,ELR,MOTOR_PRELOAD_PERCENTAGE
DAT,ELR,MOTOR_PRELOAD_TORQUE
DAT,ELR,AMPLIFIER_GAIN
DAT,ELR,MOTOR_GAIN
DAT,ELR,DAC_GAIN
DAT,ELR,DAC_OFFSET
DAT,ELR,CLAMPED_AXIS_TORQUE_DEMAND
DAT,ELR,CLAMPED_MOTOR_1_TORQUE_DEMAND
DAT,ELR,CLAMPED_MOTOR_2_TORQUE_DEMAND
DAT,ELR,UNFILTERED_MOTOR_1_DAC_BITS
DAT,ELR,UNFILTERED_MOTOR_2_DAC_BITS
DAT,ELR,FILTERED_MOTOR_1_DAC_BITS
DAT,ELR,FILTERED_MOTOR_2_DAC_BITS
DAT,ELR,DIGITAL_INPUT_BITS
DAT,ELR,DIGITAL_OUTPUT_BITS
DAT,ELR,PLC_INTERLOCK_STATUS
DAT,ELR,L2_LIMIT_STATUS
DAT,ELR,MOTOR_1_MEASURED_CURRENT
DAT,ELR,MOTOR_2_MEASURED_CURRENT
DAT,ELR,MOTOR_1_MEASURED_TORQUE
DAT,ELR,MOTOR_2_MEASURED_TORQUE
DAT,ELR,BRAKE_RELEASE_ENABLE
DAT,ELR,BRAKE_STATUS_ON
DAT,ELR,DRIVE_ENABLE
DAT,ELR,DRIVE_ENABLE_STATUS_ON
DAT,ELR,MOTOR_1_DEMAND_CURRENT
DAT,ELR,MOTOR_2_DEMAND_CURRENT
DAT,ELR,WATCHDOG_OUTPUT_ENABLE
DAT,ELR,SIM_AXIS_POSN_LSWORD
DAT,ELR,SIM_AXIS_POSN_MSWORD
DAT,ELR,SIM_MOT1_POSN_LSWORD
DAT,ELR,SIM_MOT1_POSN_MSWORD
DAT,ELR,SIM_MOT2_POSN_LSWORD
DAT,ELR,SIM_MOT2_POSN_MSWORD
DAT,ELR,AXIS_TORQUE_CLAMP_FLAG
DAT,ELR,MOT1_TORQUE_CLAMP_FLAG
DAT,ELR,MOT2_TORQUE_CLAMP_FLAG
DAT,ELR,MOTOR_TORQUE_CORRECTION
DAT,ELR,MOTOR_TORQUE_MAX_LIMIT
DAT,ELR,MOTOR_TORQUE_MIN_LIMIT
DAT,ELR,DAC_SMOOTHING_FILTER_ENABLE
DAT,ELR,ROTATOR_SELECTED
DAT,ELR,INPUT_BIT_BASE
DAT,ELR,REP_PROC_STATE
DAT,ELR,REP_APP_VERSION
DAT,ELR,FLUSH_PERIOD
DAT,ELR,LAST_FLUSH_OIDS
DAT,ELR,LAST_FLUSH_SUBMITS
DAT,ELR,VEN_PROC_STATE
DAT,ELR,VEN_APP_VERSION
DAT,ELR,VEN_SERVER_SHUTDOWN
DAT,ELR,MOTOR_ENC_1_COUNT
DAT,ELR,MOTOR_ENC_1_COUNT_DUMMY
DAT,ELR,MOTOR_ENC_1_STATE
DAT,ELR,MOTOR_ENC_2_COUNT
DAT,ELR,MOTOR_ENC_2_COUNT_DUMMY
DAT,ELR,MOTOR_ENC_2_STATE
DAT,ELR,MOTOR_ENC_1_ABS_POS
DAT,ELR,MOTOR_ENC_1_ABS_POS_DUMMY
DAT,ELR,MOTOR_ENC_2_ABS_POS
DAT,ELR,MOTOR_ENC_2_ABS_POS_DUMMY
DAT,ELR,AXIS_ENC_1_COUNT
DAT,ELR,AXIS_ENC_1_COUNT_DUMMY
DAT,ELR,AXIS_ENC_1_STATE
DAT,ELR,AXIS_ENC_1_REF_STATE
DAT,ELR,AXIS_ENC_2_COUNT
DAT,ELR,AXIS_ENC_2_COUNT_DUMMY
DAT,ELR,AXIS_ENC_2_STATE
DAT,ELR,AXIS_ENC_2_REF_STATE
DAT,ELR,AXIS_ENC_3_COUNT
DAT,ELR,AXIS_ENC_3_COUNT_DUMMY
DAT,ELR,AXIS_ENC_3_STATE
DAT,ELR,AXIS_ENC_3_REF_STATE
DAT,ELR,AXIS_ENC_4_COUNT
DAT,ELR,AXIS_ENC_4_COUNT_DUMMY
DAT,ELR,AXIS_ENC_4_STATE
DAT,ELR,AXIS_ENC_4_REF_STATE
DAT,ELR,AXIS_ENC_1_OFFSET
DAT,ELR,AXIS_ENC_1_OFFSET_DUMMY
DAT,ELR,AXIS_ENC_2_OFFSET
DAT,ELR,AXIS_ENC_2_OFFSET_DUMMY
DAT,ELR,AXIS_ENC_3_OFFSET
DAT,ELR,AXIS_ENC_3_OFFSET_DUMMY
DAT,ELR,AXIS_ENC_4_OFFSET
DAT,ELR,AXIS_ENC_4_OFFSET_DUMMY
DAT,ELR,AXIS_ENC_1_ABS_POSITION
DAT,ELR,AXIS_ENC_2_ABS_POSITION
DAT,ELR,AXIS_ENC_3_ABS_POSITION
DAT,ELR,AXIS_ENC_4_ABS_POSITION
DAT,ELR,AXIS_POS
DAT,ELR,AXIS_POS_DUMMY
DAT,ELR,HOME_AXIS_ENCODER_1
DAT,ELR,HOME_AXIS_ENCODER_2
DAT,ELR,HOME_AXIS_ENCODER_3
DAT,ELR,HOME_AXIS_ENCODER_4
DAT,ELR,ABS_ENCODER_POSITION
DAT,ELR,ABS_ENCODER_STATUS
DAT,ELR,JOIN_POSITION
DAT,ELR,HOMING_DIRECTION
DAT,ELR,HEAD_1_POSITION
DAT,ELR,HEAD_2_POSITION
DAT,ELR,HEAD_3_POSITION
