DAT, NDR, DAC_SMOOTHING_FILTER_ENABLE
DAT, NDR, ROTATOR_SELECTED
DAT, NDR, INPUT_BIT_BASE
DAT, NDR, REP_PROC_STATE
DAT, NDR, REP_APP_VERSION
DAT, NDR, FLUSH_PERIOD
DAT, NDR, LAST_FLUSH_OIDS
DAT, NDR, LAST_FLUSH_SUBMITS
DAT, NDR, VEN_PROC_STATE
DAT, NDR, VEN_APP_VERSION
DAT, NDR, VEN_SERVER_SHUTDOWN
DAT, NDR, MOTOR_ENC_1_COUNT
DAT, NDR, MOTOR_ENC_1_COUNT_DUMMY
DAT, NDR, MOTOR_ENC_1_STATE
DAT, NDR, MOTOR_ENC_2_COUNT
DAT, NDR, MOTOR_ENC_2_COUNT_DUMMY
DAT, NDR, MOTOR_ENC_2_STATE
DAT, NDR, MOTOR_ENC_1_ABS_POS
DAT, NDR, MOTOR_ENC_1_ABS_POS_DUMMY
DAT, NDR, MOTOR_ENC_2_ABS_POS
DAT, NDR, MOTOR_ENC_2_ABS_POS_DUMMY
DAT, NDR, AXIS_ENC_1_COUNT
DAT, NDR, AXIS_ENC_1_COUNT_DUMMY
DAT, NDR, AXIS_ENC_1_STATE
DAT, NDR, AXIS_ENC_1_REF_STATE
DAT, NDR, AXIS_ENC_2_COUNT
DAT, NDR, AXIS_ENC_2_COUNT_DUMMY
DAT, NDR, AXIS_ENC_2_STATE
DAT, NDR, AXIS_ENC_2_REF_STATE
DAT, NDR, AXIS_ENC_3_COUNT
DAT, NDR, AXIS_ENC_3_COUNT_DUMMY
DAT, NDR, AXIS_ENC_3_STATE
DAT, NDR, AXIS_ENC_3_REF_STATE
DAT, NDR, AXIS_ENC_4_COUNT
DAT, NDR, AXIS_ENC_4_COUNT_DUMMY
DAT, NDR, AXIS_ENC_4_STATE
DAT, NDR, AXIS_ENC_4_REF_STATE
DAT, NDR, AXIS_ENC_1_OFFSET
DAT, NDR, AXIS_ENC_1_OFFSET_DUMMY
DAT, NDR, AXIS_ENC_2_OFFSET
DAT, NDR, AXIS_ENC_2_OFFSET_DUMMY
DAT, NDR, AXIS_ENC_3_OFFSET
DAT, NDR, AXIS_ENC_3_OFFSET_DUMMY
DAT, NDR, AXIS_ENC_4_OFFSET
DAT, NDR, AXIS_ENC_4_OFFSET_DUMMY
DAT, NDR, AXIS_ENC_1_ABS_POSITION
DAT, NDR, AXIS_ENC_2_ABS_POSITION
DAT, NDR, AXIS_ENC_3_ABS_POSITION
DAT, NDR, AXIS_ENC_4_ABS_POSITION
DAT, NDR, AXIS_POS
DAT, NDR, AXIS_POS_DUMMY
DAT, NDR, HOME_AXIS_ENCODER_1
DAT, NDR, HOME_AXIS_ENCODER_2
DAT, NDR, HOME_AXIS_ENCODER_3
DAT, NDR, HOME_AXIS_ENCODER_4
DAT, NDR, ABS_ENCODER_POSITION
DAT, NDR, ABS_ENCODER_STATUS
DAT, NDR, JOIN_POSITION
DAT, NDR, HOMING_DIRECTION
DAT, NDR, HEAD_1_POSITION
DAT, NDR, HEAD_2_POSITION
DAT, NDR, HEAD_3_POSITION
DAT, NDR, HEAD_4_POSITION
DAT, NDR, USED_ENCODER_MASK
DAT, NDR, AXIS_COUNTS_PER_REV
DAT, NDR, MOTOR_COUNTS_PER_REV
DAT, NDR, MIN_TAPE_DIFF_COUNT
DAT, NDR, MAX_TAPE_DIFF_COUNT
DAT, NDR, AXIS_ENCODER_NEG_FEEDBACK
DAT, NDR, MOTOR_ENCODER_NEG_FEEDBACK
DAT, NDR, CLOCKWISE_L1_LIMIT_POSITION
DAT, NDR, ANTI_CW_L1_LIMIT_POSITION
DAT, NDR, AXIS_ENC_1_MIN_AMPL_STATUS
DAT, NDR, AXIS_ENC_1_MAX_AMPL_STATUS
DAT, NDR, AXIS_ENC_1_CUR_AMPL_STATUS
DAT, NDR, AXIS_ENC_1_FREQ_EXCEEDED
DAT, NDR, AXIS_ENC_2_MIN_AMPL_STATUS
DAT, NDR, AXIS_ENC_2_MAX_AMPL_STATUS
DAT, NDR, AXIS_ENC_2_CUR_AMPL_STATUS
DAT, NDR, AXIS_ENC_2_FREQ_EXCEEDED
