DAT,SPT,MCO_TL_OPENED
DAT,SPT,MCO_BL_OPENED
DAT,SPT,MCO_BL_CLOSED
DAT,SPT,MCO_TR_CLOSED
DAT,SPT,MCO_TR_OPENED
DAT,SPT,MCO_BR_OPENED
DAT,SPT,MCO_BR_CLOSED
DAT,SPT,PLC_SYSTEM_STATUS
DAT,SPT,PLC_ALARM_LEVEL
DAT,EPT,EPT_PROC_STATE
DAT,EPT,EPT_AUTH_STATE
DAT,EPT,SYS_REQUEST
DAT,EPT,EPT_APP_VERSION
DAT,EPT,THIS_APPLICATION
DAT,EPT,THIS_TELESCOPE
DAT,EPT,SW_SIMULATE
DAT,EPT,AP_STATE
DAT,EPT,AP_HALTED
DAT,EPT,AP_FAULT
DAT,EPT,AP_UNAVAIL
DAT,EPT,S1_STATE
DAT,EPT,S1_HALTED
DAT,EPT,S1_FAULT
DAT,EPT,S1_LAG_ERROR
DAT,EPT,S2_STATE
DAT,EPT,S2_HALTED
DAT,EPT,S2_FAULT
DAT,EPT,S2_LAG_ERROR
DAT,EPT,S1_POS
DAT,EPT,S2_POS
DAT,EPT,S1_CL_POS
DAT,EPT,S2_CL_POS
DAT,EPT,S1_OP_POS
DAT,EPT,S2_OP_POS
DAT,EPT,TOP_LCK
DAT,EPT,TOP_LCK_FAULT
DAT,EPT,TOP_LCK_SPR
DAT,EPT,S1_LCK
DAT,EPT,S1_LCK_FAULT
DAT,EPT,S1_LCK_SPR
DAT,EPT,S2_LCK
DAT,EPT,S2_LCK_FAULT
DAT,EPT,S2_LCK_SPR
DAT,EPT,S1_R1
DAT,EPT,S1_R2
DAT,EPT,S2_R3
DAT,EPT,S2_R4
DAT,EPT,HYD_PMP
DAT,EPT,HYD_PMP_FAULT
DAT,EPT,HYD_PMP_SPR
DAT,EPT,HYD_PMP_OLT
DAT,EPT,HYD_PMP_CBT
DAT,EPT,HTK_LVL
DAT,EPT,HTK_LVL_FAULT
DAT,EPT,HTK_LVL_SPR
DAT,EPT,HTK_TEMP
DAT,EPT,HTK_TEMP_FAULT
DAT,EPT,HTK_TEMP_SPR
DAT,EPT,MCP_ALARM
DAT,EPT,MCP_ENGAGED
DAT,EPT,WD_BYPASSED
DAT,EPT,ENC_SH1_1_AA
DAT,EPT,ENC_SH1_2_AA
DAT,EPT,ENC_SH2_1_AA
DAT,EPT,ENC_SH2_2_AA
DAT,EPT,OVL_CLOSED
DAT,EPT,OVL_OPEN
DAT,EPT,FLT1
DAT,EPT,FLT1_FAULT
DAT,EPT,FLT1_SPR
DAT,EPT,FLT2
DAT,EPT,FLT2_FAULT
DAT,EPT,FLT2_SPR
DAT,EPT,R1_UNLK_PRES_FLT
DAT,EPT,R2_UNLK_PRES_FLT
DAT,EPT,R3_UNLK_PRES_FLT
DAT,EPT,R4_UNLK_PRES_FLT
DAT,EPT,MOVEMENT_TIMEOUT
DAT,EPT,MCBS
DAT,EPT,ILOCK_STOP
