DAT,CC2,CCT_APP_VERSION
DAT,CC2,QRY_OS_AVAILABLE
DAT,CC2,QRY_APP_PREPARED
DAT,CC2,QRY_APP_RUNNING
DAT,CC2,DMD_APP_START
DAT,CC2,DMD_APP_KILL
DAT,CC2,DMD_OS_RESTART
DAT,CC2,DMD_OS_CLOSE
DAT,CC3,CCT_PROC_STATE
DAT,CC3,CCT_AUTH_STATE
DAT,CC3,SYS_REQUEST
DAT,CC3,CCT_APP_VERSION
DAT,CC3,QRY_OS_AVAILABLE
DAT,CC3,QRY_APP_PREPARED
DAT,CC3,QRY_APP_RUNNING
DAT,CC3,DMD_APP_START
DAT,CC3,DMD_APP_KILL
DAT,CC3,DMD_OS_RESTART
DAT,CC3,DMD_OS_CLOSE
DAT,CC4,CCT_PROC_STATE
DAT,CC4,CCT_AUTH_STATE
DAT,CC4,SYS_REQUEST
DAT,CC4,CCT_APP_VERSION
DAT,CC4,QRY_OS_AVAILABLE
DAT,CC4,QRY_APP_PREPARED
DAT,CC4,QRY_APP_RUNNING
DAT,CC4,DMD_APP_START
DAT,CC4,DMD_APP_KILL
DAT,CC4,DMD_OS_RESTART
DAT,CC4,DMD_OS_CLOSE
DAT,CC5,CCT_PROC_STATE
DAT,CC5,CCT_AUTH_STATE
DAT,CC5,SYS_REQUEST
DAT,CC5,CCT_APP_VERSION
DAT,CC5,QRY_OS_AVAILABLE
DAT,CC5,QRY_APP_PREPARED
DAT,CC5,QRY_APP_RUNNING
DAT,CC5,DMD_APP_START
DAT,CC5,DMD_APP_KILL
DAT,CC5,DMD_OS_RESTART
DAT,CC5,DMD_OS_CLOSE
DAT,CC6,CCT_PROC_STATE
DAT,CC6,CCT_AUTH_STATE
DAT,CC6,SYS_REQUEST
DAT,CC6,CCT_APP_VERSION
DAT,CC6,QRY_OS_AVAILABLE
DAT,CC6,QRY_APP_PREPARED
DAT,CC6,QRY_APP_RUNNING
DAT,CC6,DMD_APP_START
DAT,CC6,DMD_APP_KILL
DAT,CC6,DMD_OS_RESTART
DAT,CC6,DMD_OS_CLOSE
DAT,CC7,CCT_PROC_STATE
DAT,CC7,CCT_AUTH_STATE
DAT,CC7,SYS_REQUEST
DAT,CC7,CCT_APP_VERSION
DAT,CC7,QRY_OS_AVAILABLE
DAT,CC7,QRY_APP_PREPARED
DAT,CC7,QRY_APP_RUNNING
DAT,CC7,DMD_APP_START
DAT,CC7,DMD_APP_KILL
DAT,CC7,DMD_OS_RESTART
DAT,CC7,DMD_OS_CLOSE
DAT,CC8,CCT_PROC_STATE
DAT,CC8,CCT_AUTH_STATE
DAT,CC8,SYS_REQUEST
DAT,CC8,CCT_APP_VERSION
DAT,CC8,QRY_OS_AVAILABLE
DAT,CC8,QRY_APP_PREPARED
DAT,CC8,QRY_APP_RUNNING
DAT,CC8,DMD_APP_START
DAT,CC8,DMD_APP_KILL
DAT,CC8,DMD_OS_RESTART
DAT,CC8,DMD_OS_CLOSE
DAT,CC9,CCT_PROC_STATE
DAT,CC9,CCT_AUTH_STATE
DAT,CC9,SYS_REQUEST
DAT,CC9,CCT_APP_VERSION
DAT,CC9,QRY_OS_AVAILABLE
DAT,CC9,QRY_APP_PREPARED
